###############################################################################
#
# IAR ELF Linker V9.40.1.364/W64 for ARM                  27/Jun/2026  23:38:12
# Copyright 2007-2023 IAR Systems AB.
#
#    Output file  =
#        D:\smartcar\WheelLeggedCar\project\iar\Debug_m4\Exe\cyt2bl3.out
#    Map file     =
#        D:\smartcar\WheelLeggedCar\project\iar\Debug_m4\List\cyt2bl3.map
#    Command line =
#        -f D:\smartcar\WheelLeggedCar\project\iar\Debug_m4\Exe\cyt2bl3.out.rsp
#        (D:\smartcar\WheelLeggedCar\project\iar\Debug_m4\Obj\actuator_9981715862700045401.dir\actuator_motor.o
#        D:\smartcar\WheelLeggedCar\project\iar\Debug_m4\Obj\actuator_9981715862700045401.dir\actuator_servo.o
#        D:\smartcar\WheelLeggedCar\project\iar\Debug_m4\Obj\app_14036138111594269409.dir\app.o
#        D:\smartcar\WheelLeggedCar\project\iar\Debug_m4\Obj\app_14036138111594269409.dir\app_safety.o
#        D:\smartcar\WheelLeggedCar\project\iar\Debug_m4\Obj\app_14036138111594269409.dir\app_scheduler.o
#        D:\smartcar\WheelLeggedCar\project\iar\Debug_m4\Obj\app_14036138111594269409.dir\app_state.o
#        D:\smartcar\WheelLeggedCar\project\iar\Debug_m4\Obj\user_8514941877209965082.dir\cm4_isr.o
#        D:\smartcar\WheelLeggedCar\project\iar\Debug_m4\Obj\control_10271102396976934337.dir\control_chassis.o
#        D:\smartcar\WheelLeggedCar\project\iar\Debug_m4\Obj\control_10271102396976934337.dir\control_leg.o
#        D:\smartcar\WheelLeggedCar\project\iar\Debug_m4\Obj\adc_11722776235721520015.dir\cy_adc.o
#        D:\smartcar\WheelLeggedCar\project\iar\Debug_m4\Obj\button_4990804375159372270.dir\cy_button.o
#        D:\smartcar\WheelLeggedCar\project\iar\Debug_m4\Obj\canfd_1800690984773873875.dir\cy_canfd.o
#        D:\smartcar\WheelLeggedCar\project\iar\Debug_m4\Obj\cpu_15938736945165268644.dir\cy_cpu.o
#        D:\smartcar\WheelLeggedCar\project\iar\Debug_m4\Obj\crypto_1190170608956581615.dir\cy_crypto_config.o
#        D:\smartcar\WheelLeggedCar\project\iar\Debug_m4\Obj\evtgen_3404189088603873129.dir\cy_evtgen.o
#        D:\smartcar\WheelLeggedCar\project\iar\Debug_m4\Obj\flash_8529866181315662935.dir\cy_flash.o
#        D:\smartcar\WheelLeggedCar\project\iar\Debug_m4\Obj\gpio_3999404635324069351.dir\cy_gpio.o
#        D:\smartcar\WheelLeggedCar\project\iar\Debug_m4\Obj\rev_b_6162237342861132223.dir\cy_interrupt_map.o
#        D:\smartcar\WheelLeggedCar\project\iar\Debug_m4\Obj\ipc_10145506163450686023.dir\cy_ipc_drv.o
#        D:\smartcar\WheelLeggedCar\project\iar\Debug_m4\Obj\ipc_10145506163450686023.dir\cy_ipc_pipe.o
#        D:\smartcar\WheelLeggedCar\project\iar\Debug_m4\Obj\ipc_10145506163450686023.dir\cy_ipc_sema.o
#        D:\smartcar\WheelLeggedCar\project\iar\Debug_m4\Obj\lin_18429031207028094880.dir\cy_lin.o
#        D:\smartcar\WheelLeggedCar\project\iar\Debug_m4\Obj\lvd_6353935867039560245.dir\cy_lvd.o
#        D:\smartcar\WheelLeggedCar\project\iar\Debug_m4\Obj\mcwdt_4052485907822033969.dir\cy_mcwdt.o
#        D:\smartcar\WheelLeggedCar\project\iar\Debug_m4\Obj\dma_12106025507578611576.dir\cy_mdma.o
#        D:\smartcar\WheelLeggedCar\project\iar\Debug_m4\Obj\mpu_5663187252346826382.dir\cy_mpu.o
#        D:\smartcar\WheelLeggedCar\project\iar\Debug_m4\Obj\flash_864493325053435817.dir\cy_mw_flash.o
#        D:\smartcar\WheelLeggedCar\project\iar\Debug_m4\Obj\dma_12106025507578611576.dir\cy_pdma.o
#        D:\smartcar\WheelLeggedCar\project\iar\Debug_m4\Obj\prot_10722960861768657883.dir\cy_prot.o
#        D:\smartcar\WheelLeggedCar\project\iar\Debug_m4\Obj\scb_15490842639181808494.dir\cy_scb_common.o
#        D:\smartcar\WheelLeggedCar\project\iar\Debug_m4\Obj\scb_15490842639181808494.dir\cy_scb_ezi2c.o
#        D:\smartcar\WheelLeggedCar\project\iar\Debug_m4\Obj\scb_15490842639181808494.dir\cy_scb_i2c.o
#        D:\smartcar\WheelLeggedCar\project\iar\Debug_m4\Obj\scb_15490842639181808494.dir\cy_scb_spi.o
#        D:\smartcar\WheelLeggedCar\project\iar\Debug_m4\Obj\scb_15490842639181808494.dir\cy_scb_uart.o
#        D:\smartcar\WheelLeggedCar\project\iar\Debug_m4\Obj\semihosting_143864889731838620.dir\cy_semihosting.o
#        D:\smartcar\WheelLeggedCar\project\iar\Debug_m4\Obj\smartio_5451710003740070188.dir\cy_smartio.o
#        D:\smartcar\WheelLeggedCar\project\iar\Debug_m4\Obj\smif_427648126384146252.dir\cy_smif.o
#        D:\smartcar\WheelLeggedCar\project\iar\Debug_m4\Obj\smif_427648126384146252.dir\cy_smif_memslot.o
#        D:\smartcar\WheelLeggedCar\project\iar\Debug_m4\Obj\smif_427648126384146252.dir\cy_smif_ver_specific.o
#        D:\smartcar\WheelLeggedCar\project\iar\Debug_m4\Obj\srom_13018798572330080582.dir\cy_srom.o
#        D:\smartcar\WheelLeggedCar\project\iar\Debug_m4\Obj\sw_timer_4215635015939382130.dir\cy_sw_tmr.o
#        D:\smartcar\WheelLeggedCar\project\iar\Debug_m4\Obj\sysclk_16149231235676103872.dir\cy_sysclk.o
#        D:\smartcar\WheelLeggedCar\project\iar\Debug_m4\Obj\sysflt_12293435975120599261.dir\cy_sysflt.o
#        D:\smartcar\WheelLeggedCar\project\iar\Debug_m4\Obj\sysint_7435970359207984181.dir\cy_sysint.o
#        D:\smartcar\WheelLeggedCar\project\iar\Debug_m4\Obj\syslib_16330585751512546975.dir\cy_syslib.o
#        D:\smartcar\WheelLeggedCar\project\iar\Debug_m4\Obj\syslib_16330585751512546975.dir\cy_syslib_iar.o
#        D:\smartcar\WheelLeggedCar\project\iar\Debug_m4\Obj\syspm_10887939769544754770.dir\cy_syspm.o
#        D:\smartcar\WheelLeggedCar\project\iar\Debug_m4\Obj\sysreset_14586141425677365288.dir\cy_sysreset.o
#        D:\smartcar\WheelLeggedCar\project\iar\Debug_m4\Obj\sysrtc_10747768817563771611.dir\cy_sysrtc.o
#        D:\smartcar\WheelLeggedCar\project\iar\Debug_m4\Obj\systick_16016591671695740695.dir\cy_systick.o
#        D:\smartcar\WheelLeggedCar\project\iar\Debug_m4\Obj\syswdt_9118657615806274156.dir\cy_syswdt.o
#        D:\smartcar\WheelLeggedCar\project\iar\Debug_m4\Obj\tcpwm_422923530147891246.dir\cy_tcpwm.o
#        D:\smartcar\WheelLeggedCar\project\iar\Debug_m4\Obj\tcpwm_422923530147891246.dir\cy_tcpwm_counter.o
#        D:\smartcar\WheelLeggedCar\project\iar\Debug_m4\Obj\tcpwm_422923530147891246.dir\cy_tcpwm_pwm.o
#        D:\smartcar\WheelLeggedCar\project\iar\Debug_m4\Obj\tcpwm_422923530147891246.dir\cy_tcpwm_quaddec.o
#        D:\smartcar\WheelLeggedCar\project\iar\Debug_m4\Obj\tcpwm_422923530147891246.dir\cy_tcpwm_sr.o
#        D:\smartcar\WheelLeggedCar\project\iar\Debug_m4\Obj\trigmux_9729677290734583340.dir\cy_trigmux.o
#        D:\smartcar\WheelLeggedCar\project\iar\Debug_m4\Obj\estimate_perception_16822389669455535254.dir\estimator.o
#        D:\smartcar\WheelLeggedCar\project\iar\Debug_m4\Obj\sensor_16362819149043901441.dir\lsm6dsv16x_test.o
#        D:\smartcar\WheelLeggedCar\project\iar\Debug_m4\Obj\user_8514941877209965082.dir\main_cm4.o
#        D:\smartcar\WheelLeggedCar\project\iar\Debug_m4\Obj\estimate_perception_16822389669455535254.dir\perception.o
#        D:\smartcar\WheelLeggedCar\project\iar\Debug_m4\Obj\zf_components_14936052685886095442.dir\seekfree_assistant.o
#        D:\smartcar\WheelLeggedCar\project\iar\Debug_m4\Obj\zf_components_14936052685886095442.dir\seekfree_assistant_interface.o
#        D:\smartcar\WheelLeggedCar\project\iar\Debug_m4\Obj\sensor_16362819149043901441.dir\sensor_camera.o
#        D:\smartcar\WheelLeggedCar\project\iar\Debug_m4\Obj\sensor_16362819149043901441.dir\sensor_encoder.o
#        D:\smartcar\WheelLeggedCar\project\iar\Debug_m4\Obj\sensor_16362819149043901441.dir\sensor_imu.o
#        D:\smartcar\WheelLeggedCar\project\iar\Debug_m4\Obj\startup_479057977785470282.dir\startup.o
#        D:\smartcar\WheelLeggedCar\project\iar\Debug_m4\Obj\startup_479057977785470282.dir\startup_cm4.o
#        D:\smartcar\WheelLeggedCar\project\iar\Debug_m4\Obj\rev_b_4986922561640112550.dir\system_tviibe4m_cm4.o
#        D:\smartcar\WheelLeggedCar\project\iar\Debug_m4\Obj\telemetry_5056721889196467532.dir\telemetry.o
#        D:\smartcar\WheelLeggedCar\project\iar\Debug_m4\Obj\zf_common_1201165462030747823.dir\zf_common_clock.o
#        D:\smartcar\WheelLeggedCar\project\iar\Debug_m4\Obj\zf_common_1201165462030747823.dir\zf_common_debug.o
#        D:\smartcar\WheelLeggedCar\project\iar\Debug_m4\Obj\zf_common_1201165462030747823.dir\zf_common_fifo.o
#        D:\smartcar\WheelLeggedCar\project\iar\Debug_m4\Obj\zf_common_1201165462030747823.dir\zf_common_font.o
#        D:\smartcar\WheelLeggedCar\project\iar\Debug_m4\Obj\zf_common_1201165462030747823.dir\zf_common_function.o
#        D:\smartcar\WheelLeggedCar\project\iar\Debug_m4\Obj\zf_common_1201165462030747823.dir\zf_common_interrupt.o
#        D:\smartcar\WheelLeggedCar\project\iar\Debug_m4\Obj\zf_device_6570275422786408770.dir\zf_device_ble6a20.o
#        D:\smartcar\WheelLeggedCar\project\iar\Debug_m4\Obj\zf_device_6570275422786408770.dir\zf_device_dl1a.o
#        D:\smartcar\WheelLeggedCar\project\iar\Debug_m4\Obj\zf_device_6570275422786408770.dir\zf_device_dl1b.o
#        D:\smartcar\WheelLeggedCar\project\iar\Debug_m4\Obj\zf_device_6570275422786408770.dir\zf_device_gnss.o
#        D:\smartcar\WheelLeggedCar\project\iar\Debug_m4\Obj\zf_device_6570275422786408770.dir\zf_device_icm20602.o
#        D:\smartcar\WheelLeggedCar\project\iar\Debug_m4\Obj\zf_device_6570275422786408770.dir\zf_device_imu660ra.o
#        D:\smartcar\WheelLeggedCar\project\iar\Debug_m4\Obj\zf_device_6570275422786408770.dir\zf_device_imu660rb.o
#        D:\smartcar\WheelLeggedCar\project\iar\Debug_m4\Obj\zf_device_6570275422786408770.dir\zf_device_imu660rc.o
#        D:\smartcar\WheelLeggedCar\project\iar\Debug_m4\Obj\zf_device_6570275422786408770.dir\zf_device_imu963ra.o
#        D:\smartcar\WheelLeggedCar\project\iar\Debug_m4\Obj\zf_device_6570275422786408770.dir\zf_device_ips114.o
#        D:\smartcar\WheelLeggedCar\project\iar\Debug_m4\Obj\zf_device_6570275422786408770.dir\zf_device_ips200.o
#        D:\smartcar\WheelLeggedCar\project\iar\Debug_m4\Obj\zf_device_6570275422786408770.dir\zf_device_ips200pro.o
#        D:\smartcar\WheelLeggedCar\project\iar\Debug_m4\Obj\zf_device_6570275422786408770.dir\zf_device_key.o
#        D:\smartcar\WheelLeggedCar\project\iar\Debug_m4\Obj\zf_device_6570275422786408770.dir\zf_device_menc15a.o
#        D:\smartcar\WheelLeggedCar\project\iar\Debug_m4\Obj\zf_device_6570275422786408770.dir\zf_device_mt9v03x.o
#        D:\smartcar\WheelLeggedCar\project\iar\Debug_m4\Obj\zf_device_6570275422786408770.dir\zf_device_oled.o
#        D:\smartcar\WheelLeggedCar\project\iar\Debug_m4\Obj\zf_device_6570275422786408770.dir\zf_device_tft180.o
#        D:\smartcar\WheelLeggedCar\project\iar\Debug_m4\Obj\zf_device_6570275422786408770.dir\zf_device_tsl1401.o
#        D:\smartcar\WheelLeggedCar\project\iar\Debug_m4\Obj\zf_device_6570275422786408770.dir\zf_device_type.o
#        D:\smartcar\WheelLeggedCar\project\iar\Debug_m4\Obj\zf_device_6570275422786408770.dir\zf_device_uart_receiver.o
#        D:\smartcar\WheelLeggedCar\project\iar\Debug_m4\Obj\zf_device_6570275422786408770.dir\zf_device_wifi_uart.o
#        D:\smartcar\WheelLeggedCar\project\iar\Debug_m4\Obj\zf_device_6570275422786408770.dir\zf_device_wireless_uart.o
#        D:\smartcar\WheelLeggedCar\project\iar\Debug_m4\Obj\zf_driver_11922370083829174090.dir\zf_driver_adc.o
#        D:\smartcar\WheelLeggedCar\project\iar\Debug_m4\Obj\zf_driver_11922370083829174090.dir\zf_driver_delay.o
#        D:\smartcar\WheelLeggedCar\project\iar\Debug_m4\Obj\zf_driver_11922370083829174090.dir\zf_driver_encoder.o
#        D:\smartcar\WheelLeggedCar\project\iar\Debug_m4\Obj\zf_driver_11922370083829174090.dir\zf_driver_exti.o
#        D:\smartcar\WheelLeggedCar\project\iar\Debug_m4\Obj\zf_driver_11922370083829174090.dir\zf_driver_flash.o
#        D:\smartcar\WheelLeggedCar\project\iar\Debug_m4\Obj\zf_driver_11922370083829174090.dir\zf_driver_gpio.o
#        D:\smartcar\WheelLeggedCar\project\iar\Debug_m4\Obj\zf_driver_11922370083829174090.dir\zf_driver_pit.o
#        D:\smartcar\WheelLeggedCar\project\iar\Debug_m4\Obj\zf_driver_11922370083829174090.dir\zf_driver_pwm.o
#        D:\smartcar\WheelLeggedCar\project\iar\Debug_m4\Obj\zf_driver_11922370083829174090.dir\zf_driver_soft_iic.o
#        D:\smartcar\WheelLeggedCar\project\iar\Debug_m4\Obj\zf_driver_11922370083829174090.dir\zf_driver_soft_spi.o
#        D:\smartcar\WheelLeggedCar\project\iar\Debug_m4\Obj\zf_driver_11922370083829174090.dir\zf_driver_spi.o
#        D:\smartcar\WheelLeggedCar\project\iar\Debug_m4\Obj\zf_driver_11922370083829174090.dir\zf_driver_timer.o
#        D:\smartcar\WheelLeggedCar\project\iar\Debug_m4\Obj\zf_driver_11922370083829174090.dir\zf_driver_uart.o
#        --no_out_extension -o
#        D:\smartcar\WheelLeggedCar\project\iar\Debug_m4\Exe\cyt2bl3.out
#        --config_def _CORE_cm4_=0 --config_def _LINK_flash_=0 --map
#        D:\smartcar\WheelLeggedCar\project\iar\Debug_m4\List\cyt2bl3.map
#        --config
#        D:\smartcar\WheelLeggedCar\project\iar\project_config\..\icf\linker_directives_tviibe4m.icf
#        --semihosting
#        D:\smartcar\WheelLeggedCar\project\iar\project_config\..\..\..\libraries\zf_device\zf_device_config.a
#        --entry __iar_program_start --vfe --text_out locale --cpu=Cortex-M4
#        --fpu=VFPv4_sp) --dependencies=n
#        D:\smartcar\WheelLeggedCar\project\iar\Debug_m4\Exe\cyt2bl3.out.iar_deps
#
###############################################################################

*******************************************************************************
*** RUNTIME MODEL ATTRIBUTES
***

CppFlavor       = *
__CPP_Runtime   = 1
__SystemLibrary = DLib
__dlib_version  = 6


*******************************************************************************
*** HEAP SELECTION
***

The basic heap was selected because --advanced_heap
was not specified and the application did not appear to
be primarily optimized for speed.


*******************************************************************************
*** PLACEMENT SUMMARY
***

"A0":  place at start of [from 0x1008'0000 to 0x1040'ffff] { section .intvec };
"P1":  place in [from 0x1008'0000 to 0x1040'ffff] { ro };
"P2":  place in [from 0x802'0000 to 0x807'ffff] { rw };
define block HEAP with size = 1K, alignment = 8 { };
define block CSTACK with size = 8K, alignment = 8 { };
define block HEAP_STACK { block HEAP, last block CSTACK };
"A1":  place at end of [from 0x802'0000 to 0x807'ffff] { block HEAP_STACK };
do not initialize { section .intvec_ram };
initialize by copy { rw };

No sections matched the following patterns:

  ro section .sflash_app_prot  in "P6"
  ro section .sflash_nar       in "P4"
  ro section .sflash_pkey      in "P5"
  ro section .sflash_toc2      in "P7"
  ro section .sflash_uf_rows   in "P3"
  ro section .work_flash       in "P8"
  section .global_ram_data     in "P9"


  Section            Kind         Address    Size  Object
  -------            ----         -------    ----  ------
"P2", part 1 of 3:                          0x693
  P2-1                         0x802'0000   0x693  <Init block>
    .data            inited    0x802'0000   0x5fc  cy_interrupt_map.o [22]
    .data            inited    0x802'05fc     0x4  cy_interrupt_map.o [22]
    .data            inited    0x802'0600     0xc  zf_driver_adc.o [47]
    .data            inited    0x802'060c    0x3c  zf_driver_pit.o [47]
    .data            inited    0x802'0648    0x10  zf_driver_spi.o [47]
    .data            inited    0x802'0658    0x1c  zf_driver_uart.o [47]
    .data            inited    0x802'0674    0x1c  zf_driver_uart.o [47]
    .data            inited    0x802'0690     0x1  zf_common_debug.o [44]
    .data            inited    0x802'0691     0x1  zf_driver_delay.o [47]
    .data            inited    0x802'0692     0x1  zf_driver_delay.o [47]
                             - 0x802'0693   0x693

"P2", part 2 of 3:                          0x6a8
  .bss               zero      0x802'0694   0x200  zf_device_tsl1401.o [46]
  .bss               zero      0x802'0894   0x188  zf_driver_uart.o [47]
  .bss               zero      0x802'0a1c    0x84  zf_driver_pwm.o [47]
  .bss               zero      0x802'0aa0    0x70  cy_syslib.o [34]
  .bss               zero      0x802'0b10    0x48  zf_driver_adc.o [47]
  .bss               zero      0x802'0b58    0x40  zf_common_debug.o [44]
  .bss               zero      0x802'0b98    0x34  lsm6dsv16x_test.o [25]
  .bss               zero      0x802'0bcc    0x24  sensor_imu.o [25]
  .bss               zero      0x802'0bf0    0x1c  estimator.o [10]
  .bss               zero      0x802'0c0c    0x18  cy_sysclk.o [31]
  .bss               zero      0x802'0c24    0x18  cy_syslib.o [34]
  .bss               zero      0x802'0c3c    0x18  zf_common_debug.o [44]
  .bss               zero      0x802'0c54    0x14  actuator_servo.o [1]
  .bss               zero      0x802'0c68    0x14  control_leg.o [6]
  .bss               zero      0x802'0c7c    0x14  sensor_encoder.o [25]
  .bss               zero      0x802'0c90    0x14  zf_common_debug.o [44]
  .bss               zero      0x802'0ca4    0x10  actuator_servo.o [1]
  .bss               zero      0x802'0cb4    0x10  perception.o [10]
  .bss               zero      0x802'0cc4     0xc  actuator_motor.o [1]
  .bss               zero      0x802'0cd0     0xc  control_chassis.o [6]
  .bss               zero      0x802'0cdc     0x8  zf_driver_uart.o [47]
  .bss               zero      0x802'0ce4     0x8  zf_driver_uart.o [47]
  .bss               zero      0x802'0cec     0x4  actuator_servo.o [1]
  .bss               zero      0x802'0cf0     0x4  app_scheduler.o [3]
  .bss               zero      0x802'0cf4     0x4  app_scheduler.o [3]
  .bss               zero      0x802'0cf8     0x4  app_scheduler.o [3]
  .bss               zero      0x802'0cfc     0x4  app_scheduler.o [3]
  .bss               zero      0x802'0d00     0x4  app_scheduler.o [3]
  .bss               zero      0x802'0d04     0x4  cy_syslib.o [34]
  .bss               zero      0x802'0d08     0x4  system_tviibe4m_cm4.o [21]
  .bss               zero      0x802'0d0c     0x4  system_tviibe4m_cm4.o [21]
  .bss               zero      0x802'0d10     0x4  system_tviibe4m_cm4.o [21]
  .bss               zero      0x802'0d14     0x4  system_tviibe4m_cm4.o [21]
  .bss               zero      0x802'0d18     0x4  system_tviibe4m_cm4.o [21]
  .bss               zero      0x802'0d1c     0x4  zf_common_clock.o [44]
  .bss               zero      0x802'0d20     0x4  zf_common_interrupt.o [44]
  .bss               zero      0x802'0d24     0x4  zf_driver_spi.o [47]
  .bss               zero      0x802'0d28     0x4  zf_driver_spi.o [47]
  .bss               zero      0x802'0d2c     0x4  xfail_s.o [48]
  .bss               zero      0x802'0d30     0x1  app_safety.o [3]
  .bss               zero      0x802'0d31     0x1  app_scheduler.o [3]
  .bss               zero      0x802'0d32     0x1  app_scheduler.o [3]
  .bss               zero      0x802'0d33     0x1  app_state.o [3]
  .bss               zero      0x802'0d34     0x1  cy_sysclk.o [31]
  .bss               zero      0x802'0d35     0x1  zf_common_debug.o [44]
  .bss               zero      0x802'0d36     0x1  zf_common_debug.o [44]
  .bss               zero      0x802'0d37     0x1  zf_common_debug.o [44]
  .bss               zero      0x802'0d38     0x1  zf_device_tsl1401.o [46]
  .bss               zero      0x802'0d39     0x1  zf_device_tsl1401.o [46]
                             - 0x802'0d3a   0x6a6

"P2", part 3 of 3:                           0x80
  .intvec_ram        uninit    0x802'1000    0x80  startup_cm4.o [29]
                             - 0x802'1080    0x80

"A1":                                      0x2000
  HEAP_STACK                   0x807'e000  0x2000  <Block>
    CSTACK                     0x807'e000  0x2000  <Block>
      CSTACK         uninit    0x807'e000  0x2000  <Block tail>
                             - 0x808'0000  0x2000

"A0":                                        0x80
  .intvec            ro code  0x1008'0000    0x80  startup_cm4.o [29]
                            - 0x1008'0080    0x80

"P1":                                      0x6dee
  .text              ro code  0x1008'0080   0xeae  xprintffull_nomb.o [48]
  .text              ro code  0x1008'0f2e    0x7e  lz77_init_single.o [50]
  .text              ro code  0x1008'0fac    0x16  strchr.o [50]
  .text              ro code  0x1008'0fc2     0xa  xsprout.o [48]
  .text              ro code  0x1008'0fcc    0x40  xfail_s.o [48]
  .text              ro code  0x1008'100c    0x36  strlen.o [50]
  .text              ro code  0x1008'1044    0x58  memchr.o [50]
  .text              ro code  0x1008'109c    0xa6  ABImemcpy.o [50]
  .text              ro code  0x1008'1144    0x70  frexp.o [49]
  .text              ro code  0x1008'11b4    0x34  DblCmpLe.o [49]
  .text              ro code  0x1008'11e8    0x34  DblCmpGe.o [49]
  .text              ro code  0x1008'121c   0x13a  ldexp.o [49]
  .text              ro code  0x1008'1358    0x36  DblToS32.o [49]
  .text              ro code  0x1008'1390    0x22  S32ToDbl.o [49]
  .text              ro code  0x1008'13b4   0x24e  DblAddSub.o [49]
  .text              ro code  0x1008'1604   0x246  DblDiv.o [49]
  .text              ro code  0x1008'184c    0x22  DblToU32.o [49]
  .text              ro code  0x1008'1870    0x1c  U32ToDbl.o [49]
  .text              ro code  0x1008'188c   0x1aa  DblMul.o [49]
  .text              ro code  0x1008'1a38   0x230  I64DivMod.o [50]
  .text              ro code  0x1008'1c68     0x6  abort.o [48]
  .text              ro code  0x1008'1c70     0x2  I64DivZer.o [50]
  .text              ro code  0x1008'1c74    0x14  exit.o [51]
  .text              ro code  0x1008'1c88   0xa28  zf_driver_spi.o [47]
  .text              ro code  0x1008'26b0    0x66  ABImemset.o [50]
  .text              ro code  0x1008'2718   0x448  zf_common_debug.o [44]
  .text              ro code  0x1008'2b60   0x198  cy_gpio.o [14]
  .text              ro code  0x1008'2cf8   0x1f0  cy_scb_spi.o [23]
  .text              ro code  0x1008'2ee8   0x890  zf_driver_uart.o [47]
  .text              ro code  0x1008'3778    0x40  sprintf.o [48]
  .text              ro code  0x1008'37b8   0x200  zf_common_fifo.o [44]
  .text              ro code  0x1008'39b8    0xe2  zf_common_interrupt.o [44]
  .text              ro code  0x1008'3a9c     0x6  ABImemclr4.o [50]
  .text              ro code  0x1008'3aa4   0x314  cy_scb_uart.o [23]
  .text              ro code  0x1008'3db8   0x6a4  zf_driver_pwm.o [47]
  .text              ro code  0x1008'445c    0x5c  cy_sysint.o [33]
  .text              ro code  0x1008'44b8    0x32  ABImemset48.o [50]
  .text              ro code  0x1008'44ec   0x20e  cy_tcpwm_pwm.o [40]
  .text              ro code  0x1008'46fa     0xc  cy_tcpwm.o [40]
  .text              ro code  0x1008'4708   0x678  cy_sysclk.o [31]
  .text              ro code  0x1008'4d80    0x70  strncpy.o [50]
  .text              ro code  0x1008'4df0    0xa8  cy_syslib.o [34]
  .text              ro code  0x1008'4e98     0x2  cy_syslib.o [34]
  .text              ro code  0x1008'4e9c   0x3ec  lsm6dsv16x_test.o [25]
  .text              ro code  0x1008'5288    0x6a  atan2f.o [49]
  .text              ro code  0x1008'52f4    0x5c  asinf.o [49]
  .text              ro code  0x1008'5350   0x110  zf_driver_gpio.o [47]
  .text              ro code  0x1008'5460   0x220  zf_driver_delay.o [47]
  .text              ro code  0x1008'5680    0x1e  sqrtf.o [49]
  .text              ro code  0x1008'56a0    0xa4  xatanf.o [49]
  .text              ro code  0x1008'5744   0x1be  cy_tcpwm_counter.o [40]
  .text              ro code  0x1008'5904   0x2f8  zf_driver_pit.o [47]
  .text              ro code  0x1008'5bfc   0x284  actuator_servo.o [1]
  .text              ro code  0x1008'5e80   0x198  cy_interrupt_map.o [22]
  .text              ro code  0x1008'6018   0x170  startup.o [29]
  .text              ro code  0x1008'6188    0xec  system_tviibe4m_cm4.o [21]
  .text              ro code  0x1008'6274     0x8  startup_cm4.o [29]
  .text              ro code  0x1008'627c     0x6  startup_cm4.o [29]
  .text              ro code  0x1008'6284    0xec  app_scheduler.o [3]
  .text              ro code  0x1008'6370    0x98  sensor_imu.o [25]
  .text              ro code  0x1008'6408    0x2c  telemetry.o [41]
  .text              ro code  0x1008'6434    0xec  cm4_isr.o [43]
  .text              ro code  0x1008'6520    0x7c  zf_device_tsl1401.o [46]
  .text              ro code  0x1008'659c    0x78  zf_driver_adc.o [47]
  .text              ro code  0x1008'6614    0x7c  main_cm4.o [43]
  .text              ro code  0x1008'6690    0x1c  zf_common_clock.o [44]
  .text              ro code  0x1008'66ac    0x74  app.o [3]
  .text              ro code  0x1008'6720    0x28  printf.o [48]
  .text              ro code  0x1008'6748    0x14  app_state.o [3]
  .text              ro code  0x1008'675c    0x10  app_safety.o [3]
  .text              ro code  0x1008'676c     0xc  sensor_encoder.o [25]
  .text              ro code  0x1008'6778     0xc  estimator.o [10]
  .text              ro code  0x1008'6784     0xc  perception.o [10]
  .text              ro code  0x1008'6790    0x14  control_chassis.o [6]
  .text              ro code  0x1008'67a4    0x2c  control_leg.o [6]
  .text              ro code  0x1008'67d0    0x1c  actuator_motor.o [1]
  .rodata            const    0x1008'67ec    0x54  cy_sysclk.o [31]
  .rodata            const    0x1008'6840    0x54  cy_sysclk.o [31]
  .rodata            const    0x1008'6894    0x54  system_tviibe4m_cm4.o [21]
  .text              ro code  0x1008'68e8    0x44  startup_cm4.o [29]
  .rodata            const    0x1008'692c    0x40  zf_common_fifo.o [44]
  .rodata            const    0x1008'696c    0x40  zf_driver_pwm.o [47]
  .rodata            const    0x1008'69ac    0x40  zf_driver_spi.o [47]
  .rodata            const    0x1008'69ec    0x40  zf_driver_uart.o [47]
  .text              ro code  0x1008'6a2c    0x38  zero_init3.o [50]
  .text              ro code  0x1008'6a64    0x28  data_init.o [50]
  .text              ro code  0x1008'6a8c    0x22  fpinit_M.o [49]
  .iar.init_table    const    0x1008'6ab0    0x20  - Linker created -
  .text              ro code  0x1008'6ad0    0x20  startup_cm4.o [29]
  .text              ro code  0x1008'6af0    0x20  putchar.o [48]
  .text              ro code  0x1008'6b10    0x1e  cy_syslib_iar.o [34]
  .text              ro code  0x1008'6b30    0x1e  cmain.o [50]
  .text              ro code  0x1008'6b50     0x4  startup_cm4.o [29]
  .text              ro code  0x1008'6b54     0x4  exit.o [48]
  .text              ro code  0x1008'6b58     0xa  cexit.o [50]
  .rodata            const    0x1008'6b64    0x1c  main_cm4.o [43]
  .rodata            const    0x1008'6b80    0x1c  zf_common_debug.o [44]
  .text              ro code  0x1008'6b9c    0x1c  startup_cm4.o [29]
  .text              ro code  0x1008'6bb8    0x1c  cstartup_M.o [50]
  .rodata            const    0x1008'6bd4    0x18  system_tviibe4m_cm4.o [21]
  .rodata            const    0x1008'6bec    0x18  zf_common_debug.o [44]
  .text              ro code  0x1008'6c04    0x16  xprout.o [48]
  .rodata            const    0x1008'6c1c    0x10  zf_common_debug.o [44]
  .rodata            const    0x1008'6c2c    0x10  zf_common_debug.o [44]
  .rodata            const    0x1008'6c3c     0xc  zf_common_debug.o [44]
  .rodata            const    0x1008'6c48     0xc  zf_common_debug.o [44]
  .text              ro code  0x1008'6c54     0xc  cy_syslib.o [34]
  .rodata            const    0x1008'6c60     0x8  startup.o [29]
  .rodata            const    0x1008'6c68     0x4  actuator_servo.o [1]
  .rodata            const    0x1008'6c6c     0x4  cy_interrupt_map.o [22]
  .rodata            const    0x1008'6c70     0x4  cy_interrupt_map.o [22]
  .rodata            const    0x1008'6c74     0x4  cy_interrupt_map.o [22]
  .rodata            const    0x1008'6c78     0x4  cy_interrupt_map.o [22]
  .rodata            const    0x1008'6c7c     0x4  cy_interrupt_map.o [22]
  .rodata            const    0x1008'6c80     0x4  cy_interrupt_map.o [22]
  .rodata            const    0x1008'6c84     0x4  cy_interrupt_map.o [22]
  .rodata            const    0x1008'6c88     0x4  cy_interrupt_map.o [22]
  .rodata            const    0x1008'6c8c     0x4  cy_scb_spi.o [23]
  .rodata            const    0x1008'6c90     0x4  cy_scb_spi.o [23]
  .rodata            const    0x1008'6c94     0x4  cy_scb_spi.o [23]
  .rodata            const    0x1008'6c98     0x4  cy_scb_spi.o [23]
  .rodata            const    0x1008'6c9c     0x4  cy_scb_uart.o [23]
  .rodata            const    0x1008'6ca0     0x4  cy_scb_uart.o [23]
  .rodata            const    0x1008'6ca4     0x4  cy_scb_uart.o [23]
  .rodata            const    0x1008'6ca8     0x4  cy_scb_uart.o [23]
  .rodata            const    0x1008'6cac     0x4  cy_scb_uart.o [23]
  .rodata            const    0x1008'6cb0     0x4  cy_scb_uart.o [23]
  .rodata            const    0x1008'6cb4     0x4  cy_scb_uart.o [23]
  .rodata            const    0x1008'6cb8     0x4  cy_scb_uart.o [23]
  .rodata            const    0x1008'6cbc     0x4  cy_scb_uart.o [23]
  .rodata            const    0x1008'6cc0     0x4  cy_scb_uart.o [23]
  .rodata            const    0x1008'6cc4     0x4  cy_sysint.o [33]
  .rodata            const    0x1008'6cc8     0x4  cy_tcpwm_counter.o [40]
  .rodata            const    0x1008'6ccc     0x4  cy_tcpwm_counter.o [40]
  .rodata            const    0x1008'6cd0     0x4  cy_tcpwm_counter.o [40]
  .rodata            const    0x1008'6cd4     0x4  cy_tcpwm_counter.o [40]
  .rodata            const    0x1008'6cd8     0x4  cy_tcpwm_counter.o [40]
  .rodata            const    0x1008'6cdc     0x4  cy_tcpwm_pwm.o [40]
  .rodata            const    0x1008'6ce0     0x4  cy_tcpwm_pwm.o [40]
  .rodata            const    0x1008'6ce4     0x4  cy_tcpwm_pwm.o [40]
  .rodata            const    0x1008'6ce8     0x4  cy_tcpwm_pwm.o [40]
  .rodata            const    0x1008'6cec     0x4  cy_tcpwm_pwm.o [40]
  .rodata            const    0x1008'6cf0     0x4  cy_tcpwm_pwm.o [40]
  .rodata            const    0x1008'6cf4     0x4  cy_tcpwm_pwm.o [40]
  .rodata            const    0x1008'6cf8     0x4  telemetry.o [41]
  .text              ro code  0x1008'6cfc     0x4  startup_cm4.o [29]
  .text              ro code  0x1008'6d00     0x4  startup_cm4.o [29]
  .text              ro code  0x1008'6d04     0x4  startup_cm4.o [29]
  .text              ro code  0x1008'6d08     0x4  startup_cm4.o [29]
  .text              ro code  0x1008'6d0c     0x4  startup_cm4.o [29]
  .text              ro code  0x1008'6d10     0x4  startup_cm4.o [29]
  .text              ro code  0x1008'6d14     0x4  startup_cm4.o [29]
  .text              ro code  0x1008'6d18     0x4  startup_cm4.o [29]
  .text              ro code  0x1008'6d1c     0x4  startup_cm4.o [29]
  .text              ro code  0x1008'6d20     0x4  startup_cm4.o [29]
  .text              ro code  0x1008'6d24     0x4  startup_cm4.o [29]
  .text              ro code  0x1008'6d28     0x4  startup_cm4.o [29]
  .text              ro code  0x1008'6d2c     0x4  startup_cm4.o [29]
  .text              ro code  0x1008'6d30     0x4  startup_cm4.o [29]
  .text              ro code  0x1008'6d34     0x4  startup_cm4.o [29]
  .rodata            const    0x1008'6d38     0x0  zero_init3.o [50]
  .rodata            const    0x1008'6d38     0x0  lz77_init_single.o [50]
  Initializer bytes  const    0x1008'6d38    0x91  <for P2-1>
                            - 0x1008'6dc9  0x6d49

Unused ranges:

         From           To       Size
         ----           --       ----
   0x802'0693   0x802'0693        0x1
   0x802'0d3c   0x802'0fff      0x2c4
   0x802'1080   0x807'dfff   0x5'cf80
  0x1008'6e6e  0x1040'ffff  0x38'9192


*******************************************************************************
*** INIT TABLE
***

          Address      Size
          -------      ----
Zero (__iar_zero_init3)
    1 destination range, total size 0x6a6:
           0x802'0694  0x6a6

Copy/lz77 (__iar_lz77_init_single3)
    1 source range, total size 0x91 (8% of destination):
          0x1008'6d38   0x91
    1 destination range, total size 0x693:
           0x802'0000  0x693



*******************************************************************************
*** MODULE SUMMARY
***

    Module                 ro code  ro data  rw data
    ------                 -------  -------  -------
command line/config:
    ------------------------------------------------
    Total:

D:\smartcar\WheelLeggedCar\project\iar\Debug_m4\Obj\actuator_9981715862700045401.dir: [1]
    actuator_motor.o            28                12
    actuator_servo.o           644        4       40
    ------------------------------------------------
    Total:                     672        4       52

D:\smartcar\WheelLeggedCar\project\iar\Debug_m4\Obj\adc_11722776235721520015.dir: [2]
    ------------------------------------------------
    Total:

D:\smartcar\WheelLeggedCar\project\iar\Debug_m4\Obj\app_14036138111594269409.dir: [3]
    app.o                      116
    app_safety.o                16                 1
    app_scheduler.o            236                22
    app_state.o                 20                 1
    ------------------------------------------------
    Total:                     388                24

D:\smartcar\WheelLeggedCar\project\iar\Debug_m4\Obj\button_4990804375159372270.dir: [4]
    ------------------------------------------------
    Total:

D:\smartcar\WheelLeggedCar\project\iar\Debug_m4\Obj\canfd_1800690984773873875.dir: [5]
    ------------------------------------------------
    Total:

D:\smartcar\WheelLeggedCar\project\iar\Debug_m4\Obj\control_10271102396976934337.dir: [6]
    control_chassis.o           20                12
    control_leg.o               44                20
    ------------------------------------------------
    Total:                      64                32

D:\smartcar\WheelLeggedCar\project\iar\Debug_m4\Obj\cpu_15938736945165268644.dir: [7]
    ------------------------------------------------
    Total:

D:\smartcar\WheelLeggedCar\project\iar\Debug_m4\Obj\crypto_1190170608956581615.dir: [8]
    ------------------------------------------------
    Total:

D:\smartcar\WheelLeggedCar\project\iar\Debug_m4\Obj\dma_12106025507578611576.dir: [9]
    ------------------------------------------------
    Total:

D:\smartcar\WheelLeggedCar\project\iar\Debug_m4\Obj\estimate_perception_16822389669455535254.dir: [10]
    estimator.o                 12                28
    perception.o                12                16
    ------------------------------------------------
    Total:                      24                44

D:\smartcar\WheelLeggedCar\project\iar\Debug_m4\Obj\evtgen_3404189088603873129.dir: [11]
    ------------------------------------------------
    Total:

D:\smartcar\WheelLeggedCar\project\iar\Debug_m4\Obj\flash_8529866181315662935.dir: [12]
    ------------------------------------------------
    Total:

D:\smartcar\WheelLeggedCar\project\iar\Debug_m4\Obj\flash_864493325053435817.dir: [13]
    ------------------------------------------------
    Total:

D:\smartcar\WheelLeggedCar\project\iar\Debug_m4\Obj\gpio_3999404635324069351.dir: [14]
    cy_gpio.o                  408
    ------------------------------------------------
    Total:                     408

D:\smartcar\WheelLeggedCar\project\iar\Debug_m4\Obj\ipc_10145506163450686023.dir: [15]
    ------------------------------------------------
    Total:

D:\smartcar\WheelLeggedCar\project\iar\Debug_m4\Obj\lin_18429031207028094880.dir: [16]
    ------------------------------------------------
    Total:

D:\smartcar\WheelLeggedCar\project\iar\Debug_m4\Obj\lvd_6353935867039560245.dir: [17]
    ------------------------------------------------
    Total:

D:\smartcar\WheelLeggedCar\project\iar\Debug_m4\Obj\mcwdt_4052485907822033969.dir: [18]
    ------------------------------------------------
    Total:

D:\smartcar\WheelLeggedCar\project\iar\Debug_m4\Obj\mpu_5663187252346826382.dir: [19]
    ------------------------------------------------
    Total:

D:\smartcar\WheelLeggedCar\project\iar\Debug_m4\Obj\prot_10722960861768657883.dir: [20]
    ------------------------------------------------
    Total:

D:\smartcar\WheelLeggedCar\project\iar\Debug_m4\Obj\rev_b_4986922561640112550.dir: [21]
    system_tviibe4m_cm4.o      236      108       20
    ------------------------------------------------
    Total:                     236      108       20

D:\smartcar\WheelLeggedCar\project\iar\Debug_m4\Obj\rev_b_6162237342861132223.dir: [22]
    cy_interrupt_map.o         408      164    1'536
    ------------------------------------------------
    Total:                     408      164    1'536

D:\smartcar\WheelLeggedCar\project\iar\Debug_m4\Obj\scb_15490842639181808494.dir: [23]
    cy_scb_spi.o               496       16
    cy_scb_uart.o              788       40
    ------------------------------------------------
    Total:                   1'284       56

D:\smartcar\WheelLeggedCar\project\iar\Debug_m4\Obj\semihosting_143864889731838620.dir: [24]
    ------------------------------------------------
    Total:

D:\smartcar\WheelLeggedCar\project\iar\Debug_m4\Obj\sensor_16362819149043901441.dir: [25]
    lsm6dsv16x_test.o        1'004                52
    sensor_encoder.o            12                20
    sensor_imu.o               152                36
    ------------------------------------------------
    Total:                   1'168               108

D:\smartcar\WheelLeggedCar\project\iar\Debug_m4\Obj\smartio_5451710003740070188.dir: [26]
    ------------------------------------------------
    Total:

D:\smartcar\WheelLeggedCar\project\iar\Debug_m4\Obj\smif_427648126384146252.dir: [27]
    ------------------------------------------------
    Total:

D:\smartcar\WheelLeggedCar\project\iar\Debug_m4\Obj\srom_13018798572330080582.dir: [28]
    ------------------------------------------------
    Total:

D:\smartcar\WheelLeggedCar\project\iar\Debug_m4\Obj\startup_479057977785470282.dir: [29]
    startup.o                  368        8
    startup_cm4.o              334               128
    ------------------------------------------------
    Total:                     702        8      128

D:\smartcar\WheelLeggedCar\project\iar\Debug_m4\Obj\sw_timer_4215635015939382130.dir: [30]
    ------------------------------------------------
    Total:

D:\smartcar\WheelLeggedCar\project\iar\Debug_m4\Obj\sysclk_16149231235676103872.dir: [31]
    cy_sysclk.o              1'656      168       25
    ------------------------------------------------
    Total:                   1'656      168       25

D:\smartcar\WheelLeggedCar\project\iar\Debug_m4\Obj\sysflt_12293435975120599261.dir: [32]
    ------------------------------------------------
    Total:

D:\smartcar\WheelLeggedCar\project\iar\Debug_m4\Obj\sysint_7435970359207984181.dir: [33]
    cy_sysint.o                 92        4
    ------------------------------------------------
    Total:                      92        4

D:\smartcar\WheelLeggedCar\project\iar\Debug_m4\Obj\syslib_16330585751512546975.dir: [34]
    cy_syslib.o                182               140
    cy_syslib_iar.o             30
    ------------------------------------------------
    Total:                     212               140

D:\smartcar\WheelLeggedCar\project\iar\Debug_m4\Obj\syspm_10887939769544754770.dir: [35]
    ------------------------------------------------
    Total:

D:\smartcar\WheelLeggedCar\project\iar\Debug_m4\Obj\sysreset_14586141425677365288.dir: [36]
    ------------------------------------------------
    Total:

D:\smartcar\WheelLeggedCar\project\iar\Debug_m4\Obj\sysrtc_10747768817563771611.dir: [37]
    ------------------------------------------------
    Total:

D:\smartcar\WheelLeggedCar\project\iar\Debug_m4\Obj\systick_16016591671695740695.dir: [38]
    ------------------------------------------------
    Total:

D:\smartcar\WheelLeggedCar\project\iar\Debug_m4\Obj\syswdt_9118657615806274156.dir: [39]
    ------------------------------------------------
    Total:

D:\smartcar\WheelLeggedCar\project\iar\Debug_m4\Obj\tcpwm_422923530147891246.dir: [40]
    cy_tcpwm.o                  12
    cy_tcpwm_counter.o         446       20
    cy_tcpwm_pwm.o             526       28
    ------------------------------------------------
    Total:                     984       48

D:\smartcar\WheelLeggedCar\project\iar\Debug_m4\Obj\telemetry_5056721889196467532.dir: [41]
    telemetry.o                 44        4
    ------------------------------------------------
    Total:                      44        4

D:\smartcar\WheelLeggedCar\project\iar\Debug_m4\Obj\trigmux_9729677290734583340.dir: [42]
    ------------------------------------------------
    Total:

D:\smartcar\WheelLeggedCar\project\iar\Debug_m4\Obj\user_8514941877209965082.dir: [43]
    cm4_isr.o                  236
    main_cm4.o                 124       28
    ------------------------------------------------
    Total:                     360       28

D:\smartcar\WheelLeggedCar\project\iar\Debug_m4\Obj\zf_common_1201165462030747823.dir: [44]
    zf_common_clock.o           28                 4
    zf_common_debug.o        1'096      108      112
    zf_common_fifo.o           512       64
    zf_common_interrupt.o      226                 4
    ------------------------------------------------
    Total:                   1'862      172      120

D:\smartcar\WheelLeggedCar\project\iar\Debug_m4\Obj\zf_components_14936052685886095442.dir: [45]
    ------------------------------------------------
    Total:

D:\smartcar\WheelLeggedCar\project\iar\Debug_m4\Obj\zf_device_6570275422786408770.dir: [46]
    zf_device_tsl1401.o        124               514
    ------------------------------------------------
    Total:                     124               514

D:\smartcar\WheelLeggedCar\project\iar\Debug_m4\Obj\zf_driver_11922370083829174090.dir: [47]
    zf_driver_adc.o            120        1       84
    zf_driver_delay.o          544        1        2
    zf_driver_gpio.o           272
    zf_driver_pit.o            760        5       60
    zf_driver_pwm.o          1'700       64      132
    zf_driver_spi.o          2'600       65       24
    zf_driver_uart.o         2'192       69      464
    ------------------------------------------------
    Total:                   8'188      205      766

dl7M_tln.a: [48]
    abort.o                      6
    exit.o                       4
    printf.o                    40
    putchar.o                   32
    sprintf.o                   64
    xfail_s.o                   64                 4
    xprintffull_nomb.o       3'758
    xprout.o                    22
    xsprout.o                   10
    ------------------------------------------------
    Total:                   4'000                 4

m7M_tls.a: [49]
    DblAddSub.o                590
    DblCmpGe.o                  52
    DblCmpLe.o                  52
    DblDiv.o                   582
    DblMul.o                   426
    DblToS32.o                  54
    DblToU32.o                  34
    S32ToDbl.o                  34
    U32ToDbl.o                  28
    asinf.o                     92
    atan2f.o                   106
    fpinit_M.o                  34
    frexp.o                    112
    ldexp.o                    314
    sqrtf.o                     30
    xatanf.o                   164
    ------------------------------------------------
    Total:                   2'704

rt7M_tl.a: [50]
    ABImemclr4.o                 6
    ABImemcpy.o                166
    ABImemset.o                102
    ABImemset48.o               50
    I64DivMod.o                560
    I64DivZer.o                  2
    cexit.o                     10
    cmain.o                     30
    cstartup_M.o                28
    data_init.o                 40
    lz77_init_single.o         126
    memchr.o                    88
    strchr.o                    22
    strlen.o                    54
    strncpy.o                  112
    zero_init3.o                56
    ------------------------------------------------
    Total:                   1'452

shb_l.a: [51]
    exit.o                      20
    ------------------------------------------------
    Total:                      20

    Gaps                        46        6
    Linker created                       32    8'192
----------------------------------------------------
    Grand Total:            27'098    1'007   11'705


*******************************************************************************
*** ENTRY LIST
***

Entry                       Address   Size  Type      Object
-----                       -------   ----  ----      ------
.iar.init_table$$Base   0x1008'6ab0          --   Gb  - Linker created -
.iar.init_table$$Limit  0x1008'6ad0          --   Gb  - Linker created -
?main                   0x1008'6b31         Code  Gb  cmain.o [50]
BusFault_Handler        0x1008'6d05         Code  Wk  startup_cm4.o [29]
CSTACK$$Base             0x807'e000          --   Gb  - Linker created -
CSTACK$$Limit            0x808'0000          --   Gb  - Linker created -
CopyVectorTable         0x1008'6139   0x34  Code  Lc  startup.o [29]
CpuUserInt0_Handler     0x1008'5e9f   0x26  Code  Gb  cy_interrupt_map.o [22]
CpuUserInt10_Handler    0x1008'6d21         Code  Wk  startup_cm4.o [29]
CpuUserInt11_Handler    0x1008'6d25         Code  Wk  startup_cm4.o [29]
CpuUserInt12_Handler    0x1008'6d29         Code  Wk  startup_cm4.o [29]
CpuUserInt13_Handler    0x1008'6d2d         Code  Wk  startup_cm4.o [29]
CpuUserInt14_Handler    0x1008'6d31         Code  Wk  startup_cm4.o [29]
CpuUserInt15_Handler    0x1008'6d35         Code  Wk  startup_cm4.o [29]
CpuUserInt1_Handler     0x1008'5ec5   0x26  Code  Gb  cy_interrupt_map.o [22]
CpuUserInt2_Handler     0x1008'5eeb   0x26  Code  Gb  cy_interrupt_map.o [22]
CpuUserInt3_Handler     0x1008'5f11   0x26  Code  Gb  cy_interrupt_map.o [22]
CpuUserInt4_Handler     0x1008'5f37   0x26  Code  Gb  cy_interrupt_map.o [22]
CpuUserInt5_Handler     0x1008'5f5d   0x26  Code  Gb  cy_interrupt_map.o [22]
CpuUserInt6_Handler     0x1008'5f83   0x26  Code  Gb  cy_interrupt_map.o [22]
CpuUserInt7_Handler     0x1008'5fa9   0x26  Code  Gb  cy_interrupt_map.o [22]
CpuUserInt8_Handler     0x1008'6d19         Code  Wk  startup_cm4.o [29]
CpuUserInt9_Handler     0x1008'6d1d         Code  Wk  startup_cm4.o [29]
Cy_DefaultUserHandler   0x1008'5e9d    0x2  Code  Gb  cy_interrupt_map.o [22]
Cy_GPIO_ClearInterrupt  0x1008'2c33    0xe  Code  Lc  cy_gpio.o [14]
Cy_GPIO_Clr             0x1008'535b    0xa  Code  Lc  zf_driver_gpio.o [47]
Cy_GPIO_Inv             0x1008'5365    0xa  Code  Lc  zf_driver_gpio.o [47]
Cy_GPIO_Pin_Init        0x1008'2c77   0x74  Code  Gb  cy_gpio.o [14]
Cy_GPIO_Set             0x1008'5351    0xa  Code  Lc  zf_driver_gpio.o [47]
Cy_GPIO_Set             0x1008'301f    0xa  Code  Lc  zf_driver_uart.o [47]
Cy_GPIO_SetDriveSel     0x1008'2c15   0x1e  Code  Lc  cy_gpio.o [14]
Cy_GPIO_SetDrivemode    0x1008'2bc5   0x1c  Code  Lc  cy_gpio.o [14]
Cy_GPIO_SetHSIOM        0x1008'2b61   0x4c  Code  Lc  cy_gpio.o [14]
Cy_GPIO_SetInterruptEdge
                        0x1008'2c5b   0x1c  Code  Lc  cy_gpio.o [14]
Cy_GPIO_SetInterruptMask
                        0x1008'2c41   0x1a  Code  Lc  cy_gpio.o [14]
Cy_GPIO_SetSlewRate     0x1008'2bfb   0x1a  Code  Lc  cy_gpio.o [14]
Cy_GPIO_SetVtrip        0x1008'2be1   0x1a  Code  Lc  cy_gpio.o [14]
Cy_GPIO_Write           0x1008'2bad   0x18  Code  Lc  cy_gpio.o [14]
Cy_RestoreIRQ           0x1008'627d         Code  Gb  startup_cm4.o [29]
Cy_SCB_ClearRxFifo      0x1008'1c93   0x1e  Code  Lc  zf_driver_spi.o [47]
Cy_SCB_ClearRxInterrupt
                        0x1008'3081    0xa  Code  Lc  zf_driver_uart.o [47]
Cy_SCB_ClearTxInterrupt
                        0x1008'3097    0xa  Code  Lc  zf_driver_uart.o [47]
Cy_SCB_GetFifoSize      0x1008'1ced   0x12  Code  Lc  zf_driver_spi.o [47]
Cy_SCB_GetNumInRxFifo   0x1008'1c89    0xa  Code  Lc  zf_driver_spi.o [47]
Cy_SCB_GetNumInRxFifo   0x1008'302f    0xa  Code  Lc  zf_driver_uart.o [47]
Cy_SCB_GetNumInTxFifo   0x1008'1cb7    0xa  Code  Lc  zf_driver_spi.o [47]
Cy_SCB_GetNumInTxFifo   0x1008'303f    0xa  Code  Lc  zf_driver_uart.o [47]
Cy_SCB_GetRxInterruptMask
                        0x1008'307b    0x6  Code  Lc  zf_driver_uart.o [47]
Cy_SCB_GetTxInterruptMask
                        0x1008'3091    0x6  Code  Lc  zf_driver_uart.o [47]
Cy_SCB_GetTxSrValid     0x1008'1cc1    0xa  Code  Lc  zf_driver_spi.o [47]
Cy_SCB_GetTxSrValid     0x1008'3049    0xa  Code  Lc  zf_driver_uart.o [47]
Cy_SCB_IsTxComplete     0x1008'1ccb   0x22  Code  Lc  zf_driver_spi.o [47]
Cy_SCB_IsTxComplete     0x1008'3053   0x22  Code  Lc  zf_driver_uart.o [47]
Cy_SCB_ReadRxFifo       0x1008'3029    0x6  Code  Lc  zf_driver_uart.o [47]
Cy_SCB_SPI_ClearRxFifo  0x1008'1d1d    0x8  Code  Lc  zf_driver_spi.o [47]
Cy_SCB_SPI_Enable       0x1008'1cff    0xa  Code  Lc  zf_driver_spi.o [47]
Cy_SCB_SPI_GetNumInRxFifo
                        0x1008'1d15    0x8  Code  Lc  zf_driver_spi.o [47]
Cy_SCB_SPI_Init         0x1008'2cf9  0x1d8  Code  Gb  cy_scb_spi.o [23]
Cy_SCB_SPI_SetActiveSlaveSelect
                        0x1008'1d09    0xc  Code  Lc  zf_driver_spi.o [47]
Cy_SCB_SetRxInterruptMask
                        0x1008'3075    0x6  Code  Lc  zf_driver_uart.o [47]
Cy_SCB_SetTxInterruptMask
                        0x1008'308b    0x6  Code  Lc  zf_driver_uart.o [47]
Cy_SCB_UART_DeInit      0x1008'3d29   0x5c  Code  Gb  cy_scb_uart.o [23]
Cy_SCB_UART_Enable      0x1008'30a1    0xa  Code  Lc  zf_driver_uart.o [47]
Cy_SCB_UART_Init        0x1008'3aa5  0x284  Code  Gb  cy_scb_uart.o [23]
Cy_SCB_WriteTxFifo      0x1008'1cb1    0x6  Code  Lc  zf_driver_spi.o [47]
Cy_SCB_WriteTxFifo      0x1008'3039    0x6  Code  Lc  zf_driver_uart.o [47]
Cy_SaveIRQ              0x1008'6275         Code  Gb  startup_cm4.o [29]
Cy_SysClk_CheckDividerExisting
                        0x1008'5461   0x34  Code  Lc  zf_driver_delay.o [47]
Cy_SysClk_CheckDividerExisting
                        0x1008'5905   0x34  Code  Lc  zf_driver_pit.o [47]
Cy_SysClk_CheckDividerExisting
                        0x1008'3db9   0x34  Code  Lc  zf_driver_pwm.o [47]
Cy_SysClk_CheckDividerExisting
                        0x1008'1d25   0x34  Code  Lc  zf_driver_spi.o [47]
Cy_SysClk_CheckDividerExisting
                        0x1008'2ee9   0x34  Code  Lc  zf_driver_uart.o [47]
Cy_SysClk_ClkPathGetSource
                        0x1008'481f   0x54  Code  Gb  cy_sysclk.o [31]
Cy_SysClk_EcoGetStatus  0x1008'4709   0x1a  Code  Lc  cy_sysclk.o [31]
Cy_SysClk_FastClkGetDivider
                        0x1008'4813    0xc  Code  Lc  cy_sysclk.o [31]
Cy_SysClk_FllGetConfiguration
                        0x1008'4873   0x7e  Code  Gb  cy_sysclk.o [31]
Cy_SysClk_FllGetLockStatus
                        0x1008'4723    0xc  Code  Lc  cy_sysclk.o [31]
Cy_SysClk_GetCoreFrequency
                        0x1008'4d53    0x8  Code  Gb  cy_sysclk.o [31]
Cy_SysClk_GetEcoFrequency
                        0x1008'49bd   0x32  Code  Gb  cy_sysclk.o [31]
Cy_SysClk_GetExtFrequency
                        0x1008'49f1   0x1e  Code  Gb  cy_sysclk.o [31]
Cy_SysClk_GetFastFrequency
                        0x1008'4d25   0x2e  Code  Gb  cy_sysclk.o [31]
Cy_SysClk_GetFllInputFrequency
                        0x1008'4b19    0xc  Code  Gb  cy_sysclk.o [31]
Cy_SysClk_GetFllOutputFrequency
                        0x1008'4b41   0x78  Code  Gb  cy_sysclk.o [31]
Cy_SysClk_GetHfClkFrequency
                        0x1008'4cab   0x7a  Code  Gb  cy_sysclk.o [31]
Cy_SysClk_GetIlo0Frequency
                        0x1008'4a11   0x32  Code  Gb  cy_sysclk.o [31]
Cy_SysClk_GetIlo1Frequency
                        0x1008'4a43   0x32  Code  Gb  cy_sysclk.o [31]
Cy_SysClk_GetImoFrequency
                        0x1008'498b   0x32  Code  Gb  cy_sysclk.o [31]
Cy_SysClk_GetPathFrequency
                        0x1008'4c79   0x32  Code  Gb  cy_sysclk.o [31]
Cy_SysClk_GetPathSourceFrequency
                        0x1008'4ab5   0x64  Code  Gb  cy_sysclk.o [31]
Cy_SysClk_GetPllInputFrequency
                        0x1008'4b25   0x1c  Code  Gb  cy_sysclk.o [31]
Cy_SysClk_GetPllNo      0x1008'4731   0x14  Code  Lc  cy_sysclk.o [31]
Cy_SysClk_GetPllOutputFrequency
                        0x1008'4bb9   0xba  Code  Gb  cy_sysclk.o [31]
Cy_SysClk_GetWcoFrequency
                        0x1008'4a75   0x32  Code  Gb  cy_sysclk.o [31]
Cy_SysClk_HfClockGetDivider
                        0x1008'47d1   0x42  Code  Lc  cy_sysclk.o [31]
Cy_SysClk_HfClockGetSource
                        0x1008'477d   0x54  Code  Lc  cy_sysclk.o [31]
Cy_SysClk_InitGetFreqParams
                        0x1008'4971   0x1a  Code  Gb  cy_sysclk.o [31]
Cy_SysClk_PeriphAssignDivider
                        0x1008'54fb   0x38  Code  Lc  zf_driver_delay.o [47]
Cy_SysClk_PeriphAssignDivider
                        0x1008'599f   0x38  Code  Lc  zf_driver_pit.o [47]
Cy_SysClk_PeriphAssignDivider
                        0x1008'3e57   0x3a  Code  Lc  zf_driver_pwm.o [47]
Cy_SysClk_PeriphAssignDivider
                        0x1008'1de5   0x3a  Code  Lc  zf_driver_spi.o [47]
Cy_SysClk_PeriphAssignDivider
                        0x1008'2fa9   0x3a  Code  Lc  zf_driver_uart.o [47]
Cy_SysClk_PeriphEnableDivider
                        0x1008'5533   0x3a  Code  Lc  zf_driver_delay.o [47]
Cy_SysClk_PeriphEnableDivider
                        0x1008'59d7   0x3a  Code  Lc  zf_driver_pit.o [47]
Cy_SysClk_PeriphEnableDivider
                        0x1008'3e91   0x3c  Code  Lc  zf_driver_pwm.o [47]
Cy_SysClk_PeriphEnableDivider
                        0x1008'1e1f   0x3c  Code  Lc  zf_driver_spi.o [47]
Cy_SysClk_PeriphEnableDivider
                        0x1008'2fe3   0x3c  Code  Lc  zf_driver_uart.o [47]
Cy_SysClk_PeriphSetDivider
                        0x1008'5495   0x66  Code  Lc  zf_driver_delay.o [47]
Cy_SysClk_PeriphSetDivider
                        0x1008'5939   0x66  Code  Lc  zf_driver_pit.o [47]
Cy_SysClk_PeriphSetDivider
                        0x1008'3ded   0x6a  Code  Lc  zf_driver_pwm.o [47]
Cy_SysClk_PeriphSetFracDivider
                        0x1008'1d59   0x8c  Code  Lc  zf_driver_spi.o [47]
Cy_SysClk_PeriphSetFracDivider
                        0x1008'2f1d   0x8c  Code  Lc  zf_driver_uart.o [47]
Cy_SysClk_PllGetConfiguration
                        0x1008'4905   0x48  Code  Gb  cy_sysclk.o [31]
Cy_SysClk_PllGetLockStatus
                        0x1008'4745   0x28  Code  Lc  cy_sysclk.o [31]
Cy_SysClk_WcoOkay       0x1008'476d    0xe  Code  Lc  cy_sysclk.o [31]
Cy_SysInt_InitIRQ       0x1008'445d   0x38  Code  Gb  cy_sysint.o [33]
Cy_SysInt_SetSystemIrqVector
                        0x1008'4495   0x12  Code  Gb  cy_sysint.o [33]
Cy_SysInt_SystemIrqUserTableRamPointer
                         0x802'05fc    0x4  Data  Gb  cy_interrupt_map.o [22]
Cy_SysLib_DelayCycles   0x1008'6b11         Code  Gb  cy_syslib_iar.o [34]
Cy_SysLib_EnterCriticalSection
                        0x1008'6b21         Code  Gb  cy_syslib_iar.o [34]
Cy_SysLib_ExitCriticalSection
                        0x1008'6b29         Code  Gb  cy_syslib_iar.o [34]
Cy_SysLib_FaultHandler  0x1008'4df5   0x90  Code  Gb  cy_syslib.o [34]
Cy_SysLib_Halt          0x1008'4df1    0x4  Code  Gb  cy_syslib.o [34]
Cy_SysLib_ProcessingFault
                        0x1008'4e99    0x2  Code  Wk  cy_syslib.o [34]
Cy_SysLib_SvcHandler    0x1008'6c55    0xc  Code  Wk  cy_syslib.o [34]
Cy_SystemInitFpuEnable  0x1008'6225   0x1e  Code  Gb  system_tviibe4m_cm4.o [21]
Cy_SystemIrqUserTable    0x802'0000  0x5fc  Data  Gb  cy_interrupt_map.o [22]
Cy_Tcpwm_Counter_ClearTC_Intr
                        0x1008'58f3   0x10  Code  Gb  cy_tcpwm_counter.o [40]
Cy_Tcpwm_Counter_Enable
                        0x1008'58d5    0xa  Code  Gb  cy_tcpwm_counter.o [40]
Cy_Tcpwm_Counter_GetCounter
                        0x1008'58e3    0x4  Code  Gb  cy_tcpwm_counter.o [40]
Cy_Tcpwm_Counter_Init   0x1008'5745  0x17c  Code  Gb  cy_tcpwm_counter.o [40]
Cy_Tcpwm_Counter_SetCounter
                        0x1008'58df    0x4  Code  Gb  cy_tcpwm_counter.o [40]
Cy_Tcpwm_Counter_SetTC_IntrMask
                        0x1008'58e7    0xc  Code  Gb  cy_tcpwm_counter.o [40]
Cy_Tcpwm_Pwm_Enable     0x1008'46f1    0xa  Code  Gb  cy_tcpwm_pwm.o [40]
Cy_Tcpwm_Pwm_Init       0x1008'44ed  0x1e8  Code  Gb  cy_tcpwm_pwm.o [40]
Cy_Tcpwm_TriggerStart   0x1008'46fb    0xc  Code  Gb  cy_tcpwm.o [40]
Cy_u32StartupStackEndAddress
                        0x1008'6928         Data  Gb  startup_cm4.o [29]
Cy_u32StartupStackStartAddress
                        0x1008'6924         Data  Gb  startup_cm4.o [29]
DebugMon_Handler        0x1008'6d0d         Code  Wk  startup_cm4.o [29]
HEAP_STACK$$Base         0x807'e000          --   Gb  - Linker created -
HEAP_STACK$$Limit        0x808'0000          --   Gb  - Linker created -
HardFault_Handler       0x1008'6ad1         Code  Wk  startup_cm4.o [29]
InitRamEcc              0x1008'6029   0xfe  Code  Lc  startup.o [29]
InitRamEccClearArea     0x1008'6127   0x12  Code  Lc  startup.o [29]
MemManage_Handler       0x1008'6d01         Code  Wk  startup_cm4.o [29]
NMI_Handler             0x1008'6cfd         Code  Wk  startup_cm4.o [29]
PendSV_Handler          0x1008'6d11         Code  Wk  startup_cm4.o [29]
Region$$Table$$Base     0x1008'6ab0          --   Gb  - Linker created -
Region$$Table$$Limit    0x1008'6ad0          --   Gb  - Linker created -
Reset_Handler           0x1008'68e9         Code  Wk  startup_cm4.o [29]
SVC_Handler             0x1008'6b9d         Code  Wk  startup_cm4.o [29]
Startup_Init            0x1008'6019   0x10  Code  Gb  startup.o [29]
SysTick_Handler         0x1008'6d15         Code  Wk  startup_cm4.o [29]
SystemCoreClock          0x802'0d08    0x4  Data  Gb  system_tviibe4m_cm4.o [21]
SystemCoreClockUpdate   0x1008'6191   0x94  Code  Gb  system_tviibe4m_cm4.o [21]
SystemInit              0x1008'6189    0x8  Code  Gb  system_tviibe4m_cm4.o [21]
UsageFault_Handler      0x1008'6d09         Code  Wk  startup_cm4.o [29]
_LC                     0x1008'0081    0x6  Code  Lc  xprintffull_nomb.o [48]
_LitobFullNoMb          0x1008'0d4d  0x114  Code  Lc  xprintffull_nomb.o [48]
_PrintfFullNoMb         0x1008'0087  0xc98  Code  Gb  xprintffull_nomb.o [48]
_Prout                  0x1008'6c05   0x16  Code  Gb  xprout.o [48]
_PutcharsFullNoMb       0x1008'0eb9   0x2e  Code  Lc  xprintffull_nomb.o [48]
_SProut                 0x1008'0fc3    0xa  Code  Gb  xsprout.o [48]
__NVIC_ClearPendingIRQ  0x1008'5e81   0x1c  Code  Lc  cy_interrupt_map.o [22]
__NVIC_ClearPendingIRQ  0x1008'39d5   0x1c  Code  Lc  zf_common_interrupt.o [44]
__NVIC_EnableIRQ        0x1008'39b9   0x1c  Code  Lc  zf_common_interrupt.o [44]
__NVIC_SetPriority      0x1008'39f1   0x24  Code  Lc  zf_common_interrupt.o [44]
__Vectors               0x1008'0000          --   Gb  startup_cm4.o [29]
__Vectors_End           0x1008'0080         Data  Gb  startup_cm4.o [29]
__Vectors_Size {Abs}           0x80          --   Gb  startup_cm4.o [29]
__aeabi_cdcmple         0x1008'11b5         Code  Gb  DblCmpLe.o [49]
__aeabi_cdrcmple        0x1008'11e9         Code  Gb  DblCmpGe.o [49]
__aeabi_d2iz            0x1008'1359         Code  Gb  DblToS32.o [49]
__aeabi_d2uiz           0x1008'184d         Code  Gb  DblToU32.o [49]
__aeabi_ddiv            0x1008'1605         Code  Gb  DblDiv.o [49]
__aeabi_dmul            0x1008'188d         Code  Gb  DblMul.o [49]
__aeabi_dsub            0x1008'1521         Code  Gb  DblAddSub.o [49]
__aeabi_i2d             0x1008'1391         Code  Gb  S32ToDbl.o [49]
__aeabi_ldiv0           0x1008'1c71         Code  Gb  I64DivZer.o [50]
__aeabi_memclr4         0x1008'3a9d         Code  Gb  ABImemclr4.o [50]
__aeabi_memcpy          0x1008'109d         Code  Gb  ABImemcpy.o [50]
__aeabi_memcpy4         0x1008'10bd         Code  Gb  ABImemcpy.o [50]
__aeabi_memcpy8         0x1008'10bd         Code  Gb  ABImemcpy.o [50]
__aeabi_memset          0x1008'26b1         Code  Gb  ABImemset.o [50]
__aeabi_ui2d            0x1008'1871         Code  Gb  U32ToDbl.o [49]
__aeabi_uldivmod        0x1008'1a39         Code  Gb  I64DivMod.o [50]
__cmain                 0x1008'6b31         Code  Gb  cmain.o [50]
__ecc_init_sram_end_address {Abs}
                         0x807'ffff         Data  Gb  <internal module>
__ecc_init_sram_start_address {Abs}
                         0x802'0000         Data  Gb  <internal module>
__exit                  0x1008'1c75   0x14  Code  Gb  exit.o [51]
__iar_Fail_s            0x1008'0fcd   0x1c  Code  Gb  xfail_s.o [48]
__iar_Memchr            0x1008'1045         Code  Gb  memchr.o [50]
__iar_Memset            0x1008'26b1         Code  Gb  ABImemset.o [50]
__iar_Memset4_word      0x1008'44b9         Code  Gb  ABImemset48.o [50]
__iar_Memset8_word      0x1008'44b9         Code  Gb  ABImemset48.o [50]
__iar_Memset_word       0x1008'26b9         Code  Gb  ABImemset.o [50]
__iar_Strchr            0x1008'0fad         Code  Gb  strchr.o [50]
__iar_asin32            0x1008'52f5         Code  Gb  asinf.o [49]
__iar_atan2_32          0x1008'5289         Code  Gb  atan2f.o [49]
__iar_data_init3        0x1008'6a65   0x28  Code  Gb  data_init.o [50]
__iar_frexp             0x1008'1151         Code  Gb  frexp.o [49]
__iar_frexpl            0x1008'1151         Code  Gb  frexp.o [49]
__iar_init_vfp          0x1008'6a8d         Code  Gb  fpinit_M.o [49]
__iar_ldexp64           0x1008'121d         Code  Gb  ldexp.o [49]
__iar_lz77_init_single3
                        0x1008'0f2f   0x7e  Code  Gb  lz77_init_single.o [50]
__iar_program_start     0x1008'6bb9         Code  Gb  cstartup_M.o [50]
__iar_scalbln64         0x1008'121d         Code  Gb  ldexp.o [49]
__iar_scalbn64          0x1008'121d         Code  Gb  ldexp.o [49]
__iar_softfp___iar_frexp64
                        0x1008'1145         Code  Gb  frexp.o [49]
__iar_softfp_frexp      0x1008'1145         Code  Gb  frexp.o [49]
__iar_softfp_frexpl     0x1008'1145         Code  Gb  frexp.o [49]
__iar_sqrt32            0x1008'5681         Code  Gb  sqrtf.o [49]
__iar_xatanf            0x1008'56a1         Code  Gb  xatanf.o [49]
__iar_zero_init3        0x1008'6a2d   0x38  Code  Gb  zero_init3.o [50]
__low_level_init        0x1008'6b51         Code  Gb  startup_cm4.o [29]
__ramVectors             0x802'1000         Data  Gb  startup_cm4.o [29]
__vector_table          0x1008'0000         Data  Gb  startup_cm4.o [29]
__vector_table_0x1c     0x1008'001c         Data  Gb  startup_cm4.o [29]
__write                 0x1008'2a4d   0x12  Code  Gb  zf_common_debug.o [44]
_call_main              0x1008'6b3d         Code  Gb  cmain.o [50]
_exit                   0x1008'6b59         Code  Gb  cexit.o [50]
abort                   0x1008'1c69    0x6  Code  Gb  abort.o [48]
actuator_motor_cmd       0x802'0cc4    0xc  Data  Lc  actuator_motor.o [1]
actuator_motor_init     0x1008'67d1    0x8  Code  Gb  actuator_motor.o [1]
actuator_motor_stop     0x1008'67d9   0x10  Code  Gb  actuator_motor.o [1]
actuator_servo_abs      0x1008'5c23   0x12  Code  Lc  actuator_servo.o [1]
actuator_servo_angle_to_duty
                        0x1008'5e15   0x38  Code  Gb  actuator_servo.o [1]
actuator_servo_cmd       0x802'0c54   0x14  Data  Lc  actuator_servo.o [1]
actuator_servo_current_angle
                         0x802'0ca4   0x10  Data  Lc  actuator_servo.o [1]
actuator_servo_enable   0x1008'5de3   0x2e  Code  Gb  actuator_servo.o [1]
actuator_servo_init     0x1008'5cbd   0x78  Code  Gb  actuator_servo.o [1]
actuator_servo_is_active
                        0x1008'5c7b    0xe  Code  Lc  actuator_servo.o [1]
actuator_servo_last_update_ms
                         0x802'0cec    0x4  Data  Lc  actuator_servo.o [1]
actuator_servo_limit    0x1008'5bfd   0x26  Code  Lc  actuator_servo.o [1]
actuator_servo_pwm_ch   0x1008'6c68    0x4  Data  Lc  actuator_servo.o [1]
actuator_servo_set_angle
                        0x1008'5d35   0x1e  Code  Gb  actuator_servo.o [1]
actuator_servo_step_to_target
                        0x1008'5c35   0x46  Code  Lc  actuator_servo.o [1]
actuator_servo_update   0x1008'5d55   0x8e  Code  Gb  actuator_servo.o [1]
actuator_servo_write    0x1008'5c89   0x32  Code  Lc  actuator_servo.o [1]
adc_convert             0x1008'659d   0x70  Code  Gb  zf_driver_adc.o [47]
adc_resolution           0x802'0b10   0x48  Data  Lc  zf_driver_adc.o [47]
app_current_state        0x802'0d33    0x1  Data  Lc  app_state.o [3]
app_get_ms              0x1008'6719    0x8  Code  Gb  app.o [3]
app_init                0x1008'66ad   0x60  Code  Gb  app.o [3]
app_run_once            0x1008'6711    0x8  Code  Gb  app.o [3]
app_safety_fault         0x802'0d30    0x1  Data  Lc  app_safety.o [3]
app_safety_init         0x1008'675d    0x8  Code  Gb  app_safety.o [3]
app_scheduler_get_ms    0x1008'6345    0x6  Code  Gb  app_scheduler.o [3]
app_scheduler_init      0x1008'62d1    0xe  Code  Gb  app_scheduler.o [3]
app_scheduler_pending    0x802'0d31    0x1  Data  Lc  app_scheduler.o [3]
app_scheduler_run_pending
                        0x1008'62ef   0x56  Code  Gb  app_scheduler.o [3]
app_scheduler_run_pending::imu_last_ms
                         0x802'0cf8    0x4  Data  Lc  app_scheduler.o [3]
app_scheduler_run_pending::servo_last_ms
                         0x802'0cfc    0x4  Data  Lc  app_scheduler.o [3]
app_scheduler_run_pending::telemetry_last_ms
                         0x802'0d00    0x4  Data  Lc  app_scheduler.o [3]
app_scheduler_servo_test_update
                        0x1008'6285   0x3a  Code  Lc  app_scheduler.o [3]
app_scheduler_servo_test_update::servo_test_high
                         0x802'0d32    0x1  Data  Lc  app_scheduler.o [3]
app_scheduler_servo_test_update::servo_test_last_ms
                         0x802'0cf4    0x4  Data  Lc  app_scheduler.o [3]
app_scheduler_tick_1ms  0x1008'62df   0x10  Code  Gb  app_scheduler.o [3]
app_state_init          0x1008'6749    0x8  Code  Gb  app_state.o [3]
app_state_set           0x1008'6751    0x6  Code  Gb  app_state.o [3]
app_task_elapsed        0x1008'62bf   0x12  Code  Lc  app_scheduler.o [3]
app_tick_ms              0x802'0cf0    0x4  Data  Lc  app_scheduler.o [3]
asinf                   0x1008'52f5         Code  Gb  asinf.o [49]
assert_interrupt_config
                        0x1008'3a4d    0xc  Code  Gb  zf_common_interrupt.o [44]
atan2f                  0x1008'5289         Code  Gb  atan2f.o [49]
clock_init              0x1008'6691   0x16  Code  Gb  zf_common_clock.o [44]
control_chassis_init    0x1008'6791   0x10  Code  Gb  control_chassis.o [6]
control_chassis_motor_cmd
                         0x802'0cd0    0xc  Data  Lc  control_chassis.o [6]
control_leg_init        0x1008'67a5   0x22  Code  Gb  control_leg.o [6]
control_leg_servo_cmd    0x802'0c68   0x14  Data  Lc  control_leg.o [6]
cs_pin_save              0x802'0d24    0x4  Data  Gb  zf_driver_spi.o [47]
cy_assertFileName        0x802'0c24   0x18  Data  Gb  cy_syslib.o [34]
cy_assertLine            0x802'0d04    0x4  Data  Gb  cy_syslib.o [34]
cy_delay32kMs            0x802'0d18    0x4  Data  Gb  system_tviibe4m_cm4.o [21]
cy_delayFreqHz           0x802'0d0c    0x4  Data  Gb  system_tviibe4m_cm4.o [21]
cy_delayFreqKhz          0x802'0d10    0x4  Data  Gb  system_tviibe4m_cm4.o [21]
cy_delayFreqMhz          0x802'0d14    0x4  Data  Gb  system_tviibe4m_cm4.o [21]
cy_faultFrame            0x802'0aa0   0x70  Data  Gb  cy_syslib.o [34]
debug_assert_handler    0x1008'2a5f   0x3c  Code  Gb  zf_common_debug.o [44]
debug_assert_handler::assert_nest_index
                         0x802'0d37    0x1  Data  Lc  zf_common_debug.o [44]
debug_delay             0x1008'2719   0x36  Code  Lc  zf_common_debug.o [44]
debug_info_init         0x1008'2ae5   0x18  Code  Gb  zf_common_debug.o [44]
debug_init              0x1008'2afd   0x2a  Code  Gb  zf_common_debug.o [44]
debug_interrupr_handler
                        0x1008'2a2d   0x20  Code  Gb  zf_common_debug.o [44]
debug_output            0x1008'275b  0x2c2  Code  Lc  zf_common_debug.o [44]
debug_output_info        0x802'0c90   0x14  Data  Lc  zf_common_debug.o [44]
debug_output_init       0x1008'2abb   0x2a  Code  Gb  zf_common_debug.o [44]
debug_output_struct_init
                        0x1008'2a9b   0x20  Code  Gb  zf_common_debug.o [44]
debug_send_buffer       0x1008'2a1d   0x10  Code  Gb  zf_common_debug.o [44]
debug_uart_buffer        0x802'0b58   0x40  Data  Gb  zf_common_debug.o [44]
debug_uart_data          0x802'0d36    0x1  Data  Gb  zf_common_debug.o [44]
debug_uart_fifo          0x802'0c3c   0x18  Data  Gb  zf_common_debug.o [44]
debug_uart_str_output   0x1008'274f    0xc  Code  Lc  zf_common_debug.o [44]
delay_clk                0x802'0691    0x1  Data  Lc  zf_driver_delay.o [47]
estimator_init          0x1008'6779    0x8  Code  Gb  estimator.o [10]
estimator_state          0x802'0bf0   0x1c  Data  Lc  estimator.o [10]
exit                    0x1008'6b55    0x4  Code  Gb  exit.o [48]
fifo_head_offset        0x1008'37b9   0x1a  Code  Lc  zf_common_fifo.o [44]
fifo_init               0x1008'3977   0x3a  Code  Gb  zf_common_fifo.o [44]
fifo_write_buffer       0x1008'37d3  0x1a4  Code  Gb  zf_common_fifo.o [44]
get_pwm_ch              0x1008'40dd  0x100  Code  Lc  zf_driver_pwm.o [47]
get_pwm_pin             0x1008'3ecd  0x100  Code  Lc  zf_driver_pwm.o [47]
get_pwm_pin_hsiom       0x1008'3fcd  0x110  Code  Lc  zf_driver_pwm.o [47]
get_uart_config         0x1008'312b  0x1a4  Code  Lc  zf_driver_uart.o [47]
gpio_init               0x1008'53d3   0x88  Code  Gb  zf_driver_gpio.o [47]
gpio_set_level          0x1008'536f   0x44  Code  Gb  zf_driver_gpio.o [47]
gpio_toggle_level       0x1008'53b3   0x20  Code  Gb  zf_driver_gpio.o [47]
intFreqInitialized       0x802'0d34    0x1  Data  Gb  cy_sysclk.o [31]
internalBaseFreqInfo     0x802'0c0c   0x18  Data  Gb  cy_sysclk.o [31]
interrupt_global_disable
                        0x1008'3a25   0x14  Code  Gb  zf_common_interrupt.o [44]
interrupt_global_enable
                        0x1008'3a15   0x10  Code  Gb  zf_common_interrupt.o [44]
interrupt_global_flag    0x802'0d20    0x4  Data  Lc  zf_common_interrupt.o [44]
interrupt_init          0x1008'3a65   0x36  Code  Gb  zf_common_interrupt.o [44]
interrupt_set_priority  0x1008'3a59    0xc  Code  Gb  zf_common_interrupt.o [44]
ldexp                   0x1008'121d         Code  Gb  ldexp.o [49]
ldexpl                  0x1008'121d         Code  Gb  ldexp.o [49]
lsm6dsv16x_angle_data    0x802'0b98   0x34  Data  Lc  lsm6dsv16x_test.o [25]
lsm6dsv16x_get_angle_data
                        0x1008'526b    0x4  Code  Gb  lsm6dsv16x_test.o [25]
lsm6dsv16x_half_to_float
                        0x1008'4eab   0x76  Code  Lc  lsm6dsv16x_test.o [25]
lsm6dsv16x_init         0x1008'5063   0x3a  Code  Gb  lsm6dsv16x_test.o [25]
lsm6dsv16x_quat_to_angle
                        0x1008'4f21   0xb6  Code  Lc  lsm6dsv16x_test.o [25]
lsm6dsv16x_read_reg     0x1008'5029   0x24  Code  Gb  lsm6dsv16x_test.o [25]
lsm6dsv16x_select_bank  0x1008'4e9d    0xe  Code  Lc  lsm6dsv16x_test.o [25]
lsm6dsv16x_self_check   0x1008'504d   0x16  Code  Gb  lsm6dsv16x_test.o [25]
lsm6dsv16x_sflp_init    0x1008'50a5   0x90  Code  Gb  lsm6dsv16x_test.o [25]
lsm6dsv16x_sflp_update  0x1008'5135  0x136  Code  Gb  lsm6dsv16x_test.o [25]
lsm6dsv16x_spi_init     0x1008'4fd7   0x30  Code  Gb  lsm6dsv16x_test.o [25]
lsm6dsv16x_write_reg    0x1008'5007   0x22  Code  Gb  lsm6dsv16x_test.o [25]
main                    0x1008'6615   0x7c  Code  Gb  main_cm4.o [43]
memchr                  0x1008'1045         Code  Gb  memchr.o [50]
perception_init         0x1008'6785    0x8  Code  Gb  perception.o [10]
perception_state         0x802'0cb4   0x10  Data  Lc  perception.o [10]
pit0_ch0_isr            0x1008'6435    0xe  Code  Gb  cm4_isr.o [43]
pit0_ch10_isr           0x1008'645b    0xa  Code  Gb  cm4_isr.o [43]
pit0_ch11_isr           0x1008'6465    0xa  Code  Gb  cm4_isr.o [43]
pit0_ch12_isr           0x1008'646f    0xa  Code  Gb  cm4_isr.o [43]
pit0_ch13_isr           0x1008'6479    0xa  Code  Gb  cm4_isr.o [43]
pit0_ch14_isr           0x1008'6483    0xa  Code  Gb  cm4_isr.o [43]
pit0_ch15_isr           0x1008'648d    0xa  Code  Gb  cm4_isr.o [43]
pit0_ch16_isr           0x1008'6497    0xa  Code  Gb  cm4_isr.o [43]
pit0_ch17_isr           0x1008'64a1    0xa  Code  Gb  cm4_isr.o [43]
pit0_ch18_isr           0x1008'64ab    0xa  Code  Gb  cm4_isr.o [43]
pit0_ch19_isr           0x1008'64b5    0xa  Code  Gb  cm4_isr.o [43]
pit0_ch1_isr            0x1008'6443    0xe  Code  Gb  cm4_isr.o [43]
pit0_ch20_isr           0x1008'64bf    0xa  Code  Gb  cm4_isr.o [43]
pit0_ch21_isr           0x1008'64c9    0xa  Code  Gb  cm4_isr.o [43]
pit0_ch2_isr            0x1008'6451    0xa  Code  Gb  cm4_isr.o [43]
pit_init                0x1008'5a3b  0x1a6  Code  Gb  zf_driver_pit.o [47]
pit_isr_flag_clear      0x1008'5a11   0x2a  Code  Gb  zf_driver_pit.o [47]
pit_isr_func             0x802'060c   0x3c  Data  Gb  zf_driver_pit.o [47]
printf                  0x1008'6721   0x28  Code  Gb  printf.o [48]
putchar                 0x1008'6af1   0x20  Code  Gb  putchar.o [48]
pwm_all_channel_close   0x1008'41dd   0x1c  Code  Gb  zf_driver_pwm.o [47]
pwm_duty_save            0x802'0a1c   0x84  Data  Lc  zf_driver_pwm.o [47]
pwm_init                0x1008'4255  0x1e4  Code  Gb  zf_driver_pwm.o [47]
pwm_set_duty            0x1008'41f9   0x5c  Code  Gb  zf_driver_pwm.o [47]
sar_adc                  0x802'0600    0xc  Data  Lc  zf_driver_adc.o [47]
scalbln                 0x1008'121d         Code  Gb  ldexp.o [49]
scalblnl                0x1008'121d         Code  Gb  ldexp.o [49]
scalbn                  0x1008'121d         Code  Gb  ldexp.o [49]
scalbnl                 0x1008'121d         Code  Gb  ldexp.o [49]
scale                   0x1008'0e61   0x46  Code  Lc  xprintffull_nomb.o [48]
scb_module               0x802'0674   0x1c  Data  Gb  zf_driver_uart.o [47]
sec_hand                 0x802'0d2c    0x4  Data  Lc  xfail_s.o [48]
sensor_encoder_init     0x1008'676d    0x8  Code  Gb  sensor_encoder.o [25]
sensor_encoder_state     0x802'0c7c   0x14  Data  Lc  sensor_encoder.o [25]
sensor_imu_get_state    0x1008'63ff    0x4  Code  Gb  sensor_imu.o [25]
sensor_imu_init         0x1008'6371   0x56  Code  Gb  sensor_imu.o [25]
sensor_imu_state         0x802'0bcc   0x24  Data  Lc  sensor_imu.o [25]
sensor_imu_update       0x1008'63c7   0x38  Code  Gb  sensor_imu.o [25]
spi_get_clk_hsiom       0x1008'1f03   0x28  Code  Lc  zf_driver_spi.o [47]
spi_get_clk_pin         0x1008'1e5b   0x28  Code  Lc  zf_driver_spi.o [47]
spi_get_cs_hsiom        0x1008'1f7f   0x2c  Code  Lc  zf_driver_spi.o [47]
spi_get_cs_pin          0x1008'1ed7   0x2c  Code  Lc  zf_driver_spi.o [47]
spi_get_miso_hsiom      0x1008'1f53   0x2c  Code  Lc  zf_driver_spi.o [47]
spi_get_miso_pin        0x1008'1eab   0x2c  Code  Lc  zf_driver_spi.o [47]
spi_get_module_clock    0x1008'1fab   0x26  Code  Lc  zf_driver_spi.o [47]
spi_get_mosi_hsiom      0x1008'1f2b   0x28  Code  Lc  zf_driver_spi.o [47]
spi_get_mosi_pin        0x1008'1e83   0x28  Code  Lc  zf_driver_spi.o [47]
spi_init                0x1008'2421  0x278  Code  Gb  zf_driver_spi.o [47]
spi_module               0x802'0648   0x10  Data  Gb  zf_driver_spi.o [47]
spi_read_8bit_register  0x1008'2231   0xe4  Code  Gb  zf_driver_spi.o [47]
spi_read_8bit_registers
                        0x1008'2319   0xf6  Code  Gb  zf_driver_spi.o [47]
spi_write_8bit_register
                        0x1008'212f   0xf0  Code  Gb  zf_driver_spi.o [47]
sprintf                 0x1008'3779   0x40  Code  Gb  sprintf.o [48]
sqrtf                   0x1008'5681         Code  Gb  sqrtf.o [49]
strchr                  0x1008'0fad         Code  Gb  strchr.o [50]
strlen                  0x1008'100d         Code  Gb  strlen.o [50]
strncpy                 0x1008'4d81         Code  Gb  strncpy.o [50]
switch_transition_length
                        0x1008'1fd1  0x15e  Code  Lc  zf_driver_spi.o [47]
switch_transition_length::now_length
                         0x802'0d28    0x4  Data  Lc  zf_driver_spi.o [47]
system_clock             0x802'0d1c    0x4  Data  Gb  zf_common_clock.o [44]
system_delay_init       0x1008'55cb   0x92  Code  Gb  zf_driver_delay.o [47]
system_delay_ms         0x1008'556d   0x5e  Code  Gb  zf_driver_delay.o [47]
telemetry_init          0x1008'6409    0x2  Code  Gb  telemetry.o [41]
telemetry_update        0x1008'640b   0x26  Code  Gb  telemetry.o [41]
telemetry_update::tail  0x1008'6cf8    0x4  Data  Lc  telemetry.o [41]
timer_ch                 0x802'0692    0x1  Data  Lc  zf_driver_delay.o [47]
tsl1401_collect_pit_handler
                        0x1008'6521   0x68  Code  Gb  zf_device_tsl1401.o [46]
tsl1401_data             0x802'0694  0x200  Data  Gb  zf_device_tsl1401.o [46]
tsl1401_finish_flag      0x802'0d39    0x1  Data  Gb  zf_device_tsl1401.o [46]
tsl1401_init_state       0x802'0d38    0x1  Data  Lc  zf_device_tsl1401.o [46]
uart0_isr               0x1008'64d3   0x12  Code  Gb  cm4_isr.o [43]
uart1_isr               0x1008'64e5    0xa  Code  Gb  cm4_isr.o [43]
uart2_isr               0x1008'64ef    0xa  Code  Gb  cm4_isr.o [43]
uart3_isr               0x1008'64f9    0xa  Code  Gb  cm4_isr.o [43]
uart4_isr               0x1008'6503    0xa  Code  Gb  cm4_isr.o [43]
uart5_isr               0x1008'650d    0xa  Code  Gb  cm4_isr.o [43]
uart6_isr               0x1008'6517    0xa  Code  Gb  cm4_isr.o [43]
uart_context             0x802'0894  0x188  Data  Gb  zf_driver_uart.o [47]
uart_data_buffer         0x802'0cdc    0x8  Data  Lc  zf_driver_uart.o [47]
uart_data_refresh        0x802'0ce4    0x8  Data  Lc  zf_driver_uart.o [47]
uart_init               0x1008'3581  0x1ac  Code  Gb  zf_driver_uart.o [47]
uart_isr_func            0x802'0658   0x1c  Data  Gb  zf_driver_uart.o [47]
uart_isr_mask           0x1008'30ab   0x80  Code  Gb  zf_driver_uart.o [47]
uart_query_byte         0x1008'3337   0x30  Code  Gb  zf_driver_uart.o [47]
uart_rx_interrupt       0x1008'3483   0xfe  Code  Gb  zf_driver_uart.o [47]
uart_tx_interrupt       0x1008'3367  0x11c  Code  Gb  zf_driver_uart.o [47]
uart_write_buffer       0x1008'32f7   0x1e  Code  Gb  zf_driver_uart.o [47]
uart_write_byte         0x1008'32cf   0x28  Code  Gb  zf_driver_uart.o [47]
uart_write_string       0x1008'3315   0x22  Code  Gb  zf_driver_uart.o [47]
zf_debug_assert_enable   0x802'0690    0x1  Data  Lc  zf_common_debug.o [44]
zf_debug_init_flag       0x802'0d35    0x1  Data  Lc  zf_common_debug.o [44]


[1] = D:\smartcar\WheelLeggedCar\project\iar\Debug_m4\Obj\actuator_9981715862700045401.dir
[2] = D:\smartcar\WheelLeggedCar\project\iar\Debug_m4\Obj\adc_11722776235721520015.dir
[3] = D:\smartcar\WheelLeggedCar\project\iar\Debug_m4\Obj\app_14036138111594269409.dir
[4] = D:\smartcar\WheelLeggedCar\project\iar\Debug_m4\Obj\button_4990804375159372270.dir
[5] = D:\smartcar\WheelLeggedCar\project\iar\Debug_m4\Obj\canfd_1800690984773873875.dir
[6] = D:\smartcar\WheelLeggedCar\project\iar\Debug_m4\Obj\control_10271102396976934337.dir
[7] = D:\smartcar\WheelLeggedCar\project\iar\Debug_m4\Obj\cpu_15938736945165268644.dir
[8] = D:\smartcar\WheelLeggedCar\project\iar\Debug_m4\Obj\crypto_1190170608956581615.dir
[9] = D:\smartcar\WheelLeggedCar\project\iar\Debug_m4\Obj\dma_12106025507578611576.dir
[10] = D:\smartcar\WheelLeggedCar\project\iar\Debug_m4\Obj\estimate_perception_16822389669455535254.dir
[11] = D:\smartcar\WheelLeggedCar\project\iar\Debug_m4\Obj\evtgen_3404189088603873129.dir
[12] = D:\smartcar\WheelLeggedCar\project\iar\Debug_m4\Obj\flash_8529866181315662935.dir
[13] = D:\smartcar\WheelLeggedCar\project\iar\Debug_m4\Obj\flash_864493325053435817.dir
[14] = D:\smartcar\WheelLeggedCar\project\iar\Debug_m4\Obj\gpio_3999404635324069351.dir
[15] = D:\smartcar\WheelLeggedCar\project\iar\Debug_m4\Obj\ipc_10145506163450686023.dir
[16] = D:\smartcar\WheelLeggedCar\project\iar\Debug_m4\Obj\lin_18429031207028094880.dir
[17] = D:\smartcar\WheelLeggedCar\project\iar\Debug_m4\Obj\lvd_6353935867039560245.dir
[18] = D:\smartcar\WheelLeggedCar\project\iar\Debug_m4\Obj\mcwdt_4052485907822033969.dir
[19] = D:\smartcar\WheelLeggedCar\project\iar\Debug_m4\Obj\mpu_5663187252346826382.dir
[20] = D:\smartcar\WheelLeggedCar\project\iar\Debug_m4\Obj\prot_10722960861768657883.dir
[21] = D:\smartcar\WheelLeggedCar\project\iar\Debug_m4\Obj\rev_b_4986922561640112550.dir
[22] = D:\smartcar\WheelLeggedCar\project\iar\Debug_m4\Obj\rev_b_6162237342861132223.dir
[23] = D:\smartcar\WheelLeggedCar\project\iar\Debug_m4\Obj\scb_15490842639181808494.dir
[24] = D:\smartcar\WheelLeggedCar\project\iar\Debug_m4\Obj\semihosting_143864889731838620.dir
[25] = D:\smartcar\WheelLeggedCar\project\iar\Debug_m4\Obj\sensor_16362819149043901441.dir
[26] = D:\smartcar\WheelLeggedCar\project\iar\Debug_m4\Obj\smartio_5451710003740070188.dir
[27] = D:\smartcar\WheelLeggedCar\project\iar\Debug_m4\Obj\smif_427648126384146252.dir
[28] = D:\smartcar\WheelLeggedCar\project\iar\Debug_m4\Obj\srom_13018798572330080582.dir
[29] = D:\smartcar\WheelLeggedCar\project\iar\Debug_m4\Obj\startup_479057977785470282.dir
[30] = D:\smartcar\WheelLeggedCar\project\iar\Debug_m4\Obj\sw_timer_4215635015939382130.dir
[31] = D:\smartcar\WheelLeggedCar\project\iar\Debug_m4\Obj\sysclk_16149231235676103872.dir
[32] = D:\smartcar\WheelLeggedCar\project\iar\Debug_m4\Obj\sysflt_12293435975120599261.dir
[33] = D:\smartcar\WheelLeggedCar\project\iar\Debug_m4\Obj\sysint_7435970359207984181.dir
[34] = D:\smartcar\WheelLeggedCar\project\iar\Debug_m4\Obj\syslib_16330585751512546975.dir
[35] = D:\smartcar\WheelLeggedCar\project\iar\Debug_m4\Obj\syspm_10887939769544754770.dir
[36] = D:\smartcar\WheelLeggedCar\project\iar\Debug_m4\Obj\sysreset_14586141425677365288.dir
[37] = D:\smartcar\WheelLeggedCar\project\iar\Debug_m4\Obj\sysrtc_10747768817563771611.dir
[38] = D:\smartcar\WheelLeggedCar\project\iar\Debug_m4\Obj\systick_16016591671695740695.dir
[39] = D:\smartcar\WheelLeggedCar\project\iar\Debug_m4\Obj\syswdt_9118657615806274156.dir
[40] = D:\smartcar\WheelLeggedCar\project\iar\Debug_m4\Obj\tcpwm_422923530147891246.dir
[41] = D:\smartcar\WheelLeggedCar\project\iar\Debug_m4\Obj\telemetry_5056721889196467532.dir
[42] = D:\smartcar\WheelLeggedCar\project\iar\Debug_m4\Obj\trigmux_9729677290734583340.dir
[43] = D:\smartcar\WheelLeggedCar\project\iar\Debug_m4\Obj\user_8514941877209965082.dir
[44] = D:\smartcar\WheelLeggedCar\project\iar\Debug_m4\Obj\zf_common_1201165462030747823.dir
[45] = D:\smartcar\WheelLeggedCar\project\iar\Debug_m4\Obj\zf_components_14936052685886095442.dir
[46] = D:\smartcar\WheelLeggedCar\project\iar\Debug_m4\Obj\zf_device_6570275422786408770.dir
[47] = D:\smartcar\WheelLeggedCar\project\iar\Debug_m4\Obj\zf_driver_11922370083829174090.dir
[48] = dl7M_tln.a
[49] = m7M_tls.a
[50] = rt7M_tl.a
[51] = shb_l.a
[52] = zf_device_config.a

  27'098 bytes of readonly  code memory
   1'007 bytes of readonly  data memory
  11'705 bytes of readwrite data memory

Errors: none
Warnings: none
