###############################################################################
#
# IAR ELF Linker V9.40.1.364/W64 for ARM                  27/Jun/2026  03:22:24
# Copyright 2007-2023 IAR Systems AB.
#
#    Output file  =
#        D:\smartcar\empty_project\project\iar\Debug_m4\Exe\cyt2bl3.out
#    Map file     =
#        D:\smartcar\empty_project\project\iar\Debug_m4\List\cyt2bl3.map
#    Command line =
#        -f D:\smartcar\empty_project\project\iar\Debug_m4\Exe\cyt2bl3.out.rsp
#        (D:\smartcar\empty_project\project\iar\Debug_m4\Obj\user_8514941877209965082.dir\cm4_isr.o
#        D:\smartcar\empty_project\project\iar\Debug_m4\Obj\adc_11722776235721520015.dir\cy_adc.o
#        D:\smartcar\empty_project\project\iar\Debug_m4\Obj\button_4990804375159372270.dir\cy_button.o
#        D:\smartcar\empty_project\project\iar\Debug_m4\Obj\canfd_1800690984773873875.dir\cy_canfd.o
#        D:\smartcar\empty_project\project\iar\Debug_m4\Obj\cpu_15938736945165268644.dir\cy_cpu.o
#        D:\smartcar\empty_project\project\iar\Debug_m4\Obj\crypto_1190170608956581615.dir\cy_crypto_config.o
#        D:\smartcar\empty_project\project\iar\Debug_m4\Obj\evtgen_3404189088603873129.dir\cy_evtgen.o
#        D:\smartcar\empty_project\project\iar\Debug_m4\Obj\flash_8529866181315662935.dir\cy_flash.o
#        D:\smartcar\empty_project\project\iar\Debug_m4\Obj\gpio_3999404635324069351.dir\cy_gpio.o
#        D:\smartcar\empty_project\project\iar\Debug_m4\Obj\rev_b_6162237342861132223.dir\cy_interrupt_map.o
#        D:\smartcar\empty_project\project\iar\Debug_m4\Obj\ipc_10145506163450686023.dir\cy_ipc_drv.o
#        D:\smartcar\empty_project\project\iar\Debug_m4\Obj\ipc_10145506163450686023.dir\cy_ipc_pipe.o
#        D:\smartcar\empty_project\project\iar\Debug_m4\Obj\ipc_10145506163450686023.dir\cy_ipc_sema.o
#        D:\smartcar\empty_project\project\iar\Debug_m4\Obj\lin_18429031207028094880.dir\cy_lin.o
#        D:\smartcar\empty_project\project\iar\Debug_m4\Obj\lvd_6353935867039560245.dir\cy_lvd.o
#        D:\smartcar\empty_project\project\iar\Debug_m4\Obj\mcwdt_4052485907822033969.dir\cy_mcwdt.o
#        D:\smartcar\empty_project\project\iar\Debug_m4\Obj\dma_12106025507578611576.dir\cy_mdma.o
#        D:\smartcar\empty_project\project\iar\Debug_m4\Obj\mpu_5663187252346826382.dir\cy_mpu.o
#        D:\smartcar\empty_project\project\iar\Debug_m4\Obj\flash_864493325053435817.dir\cy_mw_flash.o
#        D:\smartcar\empty_project\project\iar\Debug_m4\Obj\dma_12106025507578611576.dir\cy_pdma.o
#        D:\smartcar\empty_project\project\iar\Debug_m4\Obj\prot_10722960861768657883.dir\cy_prot.o
#        D:\smartcar\empty_project\project\iar\Debug_m4\Obj\scb_15490842639181808494.dir\cy_scb_common.o
#        D:\smartcar\empty_project\project\iar\Debug_m4\Obj\scb_15490842639181808494.dir\cy_scb_ezi2c.o
#        D:\smartcar\empty_project\project\iar\Debug_m4\Obj\scb_15490842639181808494.dir\cy_scb_i2c.o
#        D:\smartcar\empty_project\project\iar\Debug_m4\Obj\scb_15490842639181808494.dir\cy_scb_spi.o
#        D:\smartcar\empty_project\project\iar\Debug_m4\Obj\scb_15490842639181808494.dir\cy_scb_uart.o
#        D:\smartcar\empty_project\project\iar\Debug_m4\Obj\semihosting_143864889731838620.dir\cy_semihosting.o
#        D:\smartcar\empty_project\project\iar\Debug_m4\Obj\smartio_5451710003740070188.dir\cy_smartio.o
#        D:\smartcar\empty_project\project\iar\Debug_m4\Obj\smif_427648126384146252.dir\cy_smif.o
#        D:\smartcar\empty_project\project\iar\Debug_m4\Obj\smif_427648126384146252.dir\cy_smif_memslot.o
#        D:\smartcar\empty_project\project\iar\Debug_m4\Obj\smif_427648126384146252.dir\cy_smif_ver_specific.o
#        D:\smartcar\empty_project\project\iar\Debug_m4\Obj\srom_13018798572330080582.dir\cy_srom.o
#        D:\smartcar\empty_project\project\iar\Debug_m4\Obj\sw_timer_4215635015939382130.dir\cy_sw_tmr.o
#        D:\smartcar\empty_project\project\iar\Debug_m4\Obj\sysclk_16149231235676103872.dir\cy_sysclk.o
#        D:\smartcar\empty_project\project\iar\Debug_m4\Obj\sysflt_12293435975120599261.dir\cy_sysflt.o
#        D:\smartcar\empty_project\project\iar\Debug_m4\Obj\sysint_7435970359207984181.dir\cy_sysint.o
#        D:\smartcar\empty_project\project\iar\Debug_m4\Obj\syslib_16330585751512546975.dir\cy_syslib.o
#        D:\smartcar\empty_project\project\iar\Debug_m4\Obj\syslib_16330585751512546975.dir\cy_syslib_iar.o
#        D:\smartcar\empty_project\project\iar\Debug_m4\Obj\syspm_10887939769544754770.dir\cy_syspm.o
#        D:\smartcar\empty_project\project\iar\Debug_m4\Obj\sysreset_14586141425677365288.dir\cy_sysreset.o
#        D:\smartcar\empty_project\project\iar\Debug_m4\Obj\sysrtc_10747768817563771611.dir\cy_sysrtc.o
#        D:\smartcar\empty_project\project\iar\Debug_m4\Obj\systick_16016591671695740695.dir\cy_systick.o
#        D:\smartcar\empty_project\project\iar\Debug_m4\Obj\syswdt_9118657615806274156.dir\cy_syswdt.o
#        D:\smartcar\empty_project\project\iar\Debug_m4\Obj\tcpwm_422923530147891246.dir\cy_tcpwm.o
#        D:\smartcar\empty_project\project\iar\Debug_m4\Obj\tcpwm_422923530147891246.dir\cy_tcpwm_counter.o
#        D:\smartcar\empty_project\project\iar\Debug_m4\Obj\tcpwm_422923530147891246.dir\cy_tcpwm_pwm.o
#        D:\smartcar\empty_project\project\iar\Debug_m4\Obj\tcpwm_422923530147891246.dir\cy_tcpwm_quaddec.o
#        D:\smartcar\empty_project\project\iar\Debug_m4\Obj\tcpwm_422923530147891246.dir\cy_tcpwm_sr.o
#        D:\smartcar\empty_project\project\iar\Debug_m4\Obj\trigmux_9729677290734583340.dir\cy_trigmux.o
#        D:\smartcar\empty_project\project\iar\Debug_m4\Obj\code_17896468042025673432.dir\lsm6dsv16x_test.o
#        D:\smartcar\empty_project\project\iar\Debug_m4\Obj\user_8514941877209965082.dir\main_cm4.o
#        D:\smartcar\empty_project\project\iar\Debug_m4\Obj\zf_components_14936052685886095442.dir\seekfree_assistant.o
#        D:\smartcar\empty_project\project\iar\Debug_m4\Obj\zf_components_14936052685886095442.dir\seekfree_assistant_interface.o
#        D:\smartcar\empty_project\project\iar\Debug_m4\Obj\startup_479057977785470282.dir\startup.o
#        D:\smartcar\empty_project\project\iar\Debug_m4\Obj\startup_479057977785470282.dir\startup_cm4.o
#        D:\smartcar\empty_project\project\iar\Debug_m4\Obj\rev_b_4986922561640112550.dir\system_tviibe4m_cm4.o
#        D:\smartcar\empty_project\project\iar\Debug_m4\Obj\zf_common_1201165462030747823.dir\zf_common_clock.o
#        D:\smartcar\empty_project\project\iar\Debug_m4\Obj\zf_common_1201165462030747823.dir\zf_common_debug.o
#        D:\smartcar\empty_project\project\iar\Debug_m4\Obj\zf_common_1201165462030747823.dir\zf_common_fifo.o
#        D:\smartcar\empty_project\project\iar\Debug_m4\Obj\zf_common_1201165462030747823.dir\zf_common_font.o
#        D:\smartcar\empty_project\project\iar\Debug_m4\Obj\zf_common_1201165462030747823.dir\zf_common_function.o
#        D:\smartcar\empty_project\project\iar\Debug_m4\Obj\zf_common_1201165462030747823.dir\zf_common_interrupt.o
#        D:\smartcar\empty_project\project\iar\Debug_m4\Obj\zf_device_6570275422786408770.dir\zf_device_ble6a20.o
#        D:\smartcar\empty_project\project\iar\Debug_m4\Obj\zf_device_6570275422786408770.dir\zf_device_dl1a.o
#        D:\smartcar\empty_project\project\iar\Debug_m4\Obj\zf_device_6570275422786408770.dir\zf_device_dl1b.o
#        D:\smartcar\empty_project\project\iar\Debug_m4\Obj\zf_device_6570275422786408770.dir\zf_device_gnss.o
#        D:\smartcar\empty_project\project\iar\Debug_m4\Obj\zf_device_6570275422786408770.dir\zf_device_icm20602.o
#        D:\smartcar\empty_project\project\iar\Debug_m4\Obj\zf_device_6570275422786408770.dir\zf_device_imu660ra.o
#        D:\smartcar\empty_project\project\iar\Debug_m4\Obj\zf_device_6570275422786408770.dir\zf_device_imu660rb.o
#        D:\smartcar\empty_project\project\iar\Debug_m4\Obj\zf_device_6570275422786408770.dir\zf_device_imu660rc.o
#        D:\smartcar\empty_project\project\iar\Debug_m4\Obj\zf_device_6570275422786408770.dir\zf_device_imu963ra.o
#        D:\smartcar\empty_project\project\iar\Debug_m4\Obj\zf_device_6570275422786408770.dir\zf_device_ips114.o
#        D:\smartcar\empty_project\project\iar\Debug_m4\Obj\zf_device_6570275422786408770.dir\zf_device_ips200.o
#        D:\smartcar\empty_project\project\iar\Debug_m4\Obj\zf_device_6570275422786408770.dir\zf_device_ips200pro.o
#        D:\smartcar\empty_project\project\iar\Debug_m4\Obj\zf_device_6570275422786408770.dir\zf_device_key.o
#        D:\smartcar\empty_project\project\iar\Debug_m4\Obj\zf_device_6570275422786408770.dir\zf_device_menc15a.o
#        D:\smartcar\empty_project\project\iar\Debug_m4\Obj\zf_device_6570275422786408770.dir\zf_device_mt9v03x.o
#        D:\smartcar\empty_project\project\iar\Debug_m4\Obj\zf_device_6570275422786408770.dir\zf_device_oled.o
#        D:\smartcar\empty_project\project\iar\Debug_m4\Obj\zf_device_6570275422786408770.dir\zf_device_tft180.o
#        D:\smartcar\empty_project\project\iar\Debug_m4\Obj\zf_device_6570275422786408770.dir\zf_device_tsl1401.o
#        D:\smartcar\empty_project\project\iar\Debug_m4\Obj\zf_device_6570275422786408770.dir\zf_device_type.o
#        D:\smartcar\empty_project\project\iar\Debug_m4\Obj\zf_device_6570275422786408770.dir\zf_device_uart_receiver.o
#        D:\smartcar\empty_project\project\iar\Debug_m4\Obj\zf_device_6570275422786408770.dir\zf_device_wifi_uart.o
#        D:\smartcar\empty_project\project\iar\Debug_m4\Obj\zf_device_6570275422786408770.dir\zf_device_wireless_uart.o
#        D:\smartcar\empty_project\project\iar\Debug_m4\Obj\zf_driver_11922370083829174090.dir\zf_driver_adc.o
#        D:\smartcar\empty_project\project\iar\Debug_m4\Obj\zf_driver_11922370083829174090.dir\zf_driver_delay.o
#        D:\smartcar\empty_project\project\iar\Debug_m4\Obj\zf_driver_11922370083829174090.dir\zf_driver_encoder.o
#        D:\smartcar\empty_project\project\iar\Debug_m4\Obj\zf_driver_11922370083829174090.dir\zf_driver_exti.o
#        D:\smartcar\empty_project\project\iar\Debug_m4\Obj\zf_driver_11922370083829174090.dir\zf_driver_flash.o
#        D:\smartcar\empty_project\project\iar\Debug_m4\Obj\zf_driver_11922370083829174090.dir\zf_driver_gpio.o
#        D:\smartcar\empty_project\project\iar\Debug_m4\Obj\zf_driver_11922370083829174090.dir\zf_driver_pit.o
#        D:\smartcar\empty_project\project\iar\Debug_m4\Obj\zf_driver_11922370083829174090.dir\zf_driver_pwm.o
#        D:\smartcar\empty_project\project\iar\Debug_m4\Obj\zf_driver_11922370083829174090.dir\zf_driver_soft_iic.o
#        D:\smartcar\empty_project\project\iar\Debug_m4\Obj\zf_driver_11922370083829174090.dir\zf_driver_soft_spi.o
#        D:\smartcar\empty_project\project\iar\Debug_m4\Obj\zf_driver_11922370083829174090.dir\zf_driver_spi.o
#        D:\smartcar\empty_project\project\iar\Debug_m4\Obj\zf_driver_11922370083829174090.dir\zf_driver_timer.o
#        D:\smartcar\empty_project\project\iar\Debug_m4\Obj\zf_driver_11922370083829174090.dir\zf_driver_uart.o
#        --no_out_extension -o
#        D:\smartcar\empty_project\project\iar\Debug_m4\Exe\cyt2bl3.out
#        --config_def _CORE_cm4_=0 --config_def _LINK_flash_=0 --map
#        D:\smartcar\empty_project\project\iar\Debug_m4\List\cyt2bl3.map
#        --config
#        D:\smartcar\empty_project\project\iar\project_config\..\icf\linker_directives_tviibe4m.icf
#        --semihosting
#        D:\smartcar\empty_project\project\iar\project_config\..\..\..\libraries\zf_device\zf_device_config.a
#        --entry __iar_program_start --vfe --text_out locale --cpu=Cortex-M4
#        --fpu=VFPv4_sp) --dependencies=n
#        D:\smartcar\empty_project\project\iar\Debug_m4\Exe\cyt2bl3.out.iar_deps
#
###############################################################################

*******************************************************************************
*** RUNTIME MODEL ATTRIBUTES
***

CppFlavor       = *
__CPP_Runtime   = 1
__SystemLibrary = DLib
__dlib_version  = 6


*******************************************************************************
*** HEAP SELECTION
***

The basic heap was selected because --advanced_heap
was not specified and the application did not appear to
be primarily optimized for speed.


*******************************************************************************
*** PLACEMENT SUMMARY
***

"A0":  place at start of [from 0x1008'0000 to 0x1040'ffff] { section .intvec };
"P1":  place in [from 0x1008'0000 to 0x1040'ffff] { ro };
"P2":  place in [from 0x802'0000 to 0x807'ffff] { rw };
define block HEAP with size = 1K, alignment = 8 { };
define block CSTACK with size = 8K, alignment = 8 { };
define block HEAP_STACK { block HEAP, last block CSTACK };
"A1":  place at end of [from 0x802'0000 to 0x807'ffff] { block HEAP_STACK };
do not initialize { section .intvec_ram };
initialize by copy { rw };

No sections matched the following patterns:

  ro section .sflash_app_prot  in "P6"
  ro section .sflash_nar       in "P4"
  ro section .sflash_pkey      in "P5"
  ro section .sflash_toc2      in "P7"
  ro section .sflash_uf_rows   in "P3"
  ro section .work_flash       in "P8"
  section .global_ram_data     in "P9"


  Section            Kind         Address    Size  Object
  -------            ----         -------    ----  ------
"P2", part 1 of 3:                          0x64b
  P2-1                         0x802'0000   0x64b  <Init block>
    .data            inited    0x802'0000   0x5fc  cy_interrupt_map.o [19]
    .data            inited    0x802'05fc     0x4  cy_interrupt_map.o [19]
    .data            inited    0x802'0600    0x10  zf_driver_spi.o [42]
    .data            inited    0x802'0610    0x1c  zf_driver_uart.o [42]
    .data            inited    0x802'062c    0x1c  zf_driver_uart.o [42]
    .data            inited    0x802'0648     0x1  zf_common_debug.o [39]
    .data            inited    0x802'0649     0x1  zf_driver_delay.o [42]
    .data            inited    0x802'064a     0x1  zf_driver_delay.o [42]
                             - 0x802'064b   0x64b

"P2", part 2 of 3:                          0x308
  .bss               zero      0x802'064c   0x188  zf_driver_uart.o [42]
  .bss               zero      0x802'07d4    0x70  cy_syslib.o [30]
  .bss               zero      0x802'0844    0x40  zf_common_debug.o [39]
  .bss               zero      0x802'0884    0x34  lsm6dsv16x_test.o [4]
  .bss               zero      0x802'08b8    0x18  cy_sysclk.o [27]
  .bss               zero      0x802'08d0    0x18  cy_syslib.o [30]
  .bss               zero      0x802'08e8    0x18  zf_common_debug.o [39]
  .bss               zero      0x802'0900    0x14  zf_common_debug.o [39]
  .bss               zero      0x802'0914     0x8  zf_driver_uart.o [42]
  .bss               zero      0x802'091c     0x8  zf_driver_uart.o [42]
  .bss               zero      0x802'0924     0x4  cy_syslib.o [30]
  .bss               zero      0x802'0928     0x4  system_tviibe4m_cm4.o [18]
  .bss               zero      0x802'092c     0x4  system_tviibe4m_cm4.o [18]
  .bss               zero      0x802'0930     0x4  system_tviibe4m_cm4.o [18]
  .bss               zero      0x802'0934     0x4  system_tviibe4m_cm4.o [18]
  .bss               zero      0x802'0938     0x4  system_tviibe4m_cm4.o [18]
  .bss               zero      0x802'093c     0x4  zf_common_clock.o [39]
  .bss               zero      0x802'0940     0x4  zf_common_interrupt.o [39]
  .bss               zero      0x802'0944     0x4  zf_driver_spi.o [42]
  .bss               zero      0x802'0948     0x4  zf_driver_spi.o [42]
  .bss               zero      0x802'094c     0x4  xfail_s.o [43]
  .bss               zero      0x802'0950     0x1  cy_sysclk.o [27]
  .bss               zero      0x802'0951     0x1  zf_common_debug.o [39]
  .bss               zero      0x802'0952     0x1  zf_common_debug.o [39]
  .bss               zero      0x802'0953     0x1  zf_common_debug.o [39]
                             - 0x802'0954   0x308

"P2", part 3 of 3:                           0x80
  .intvec_ram        uninit    0x802'0c00    0x80  startup_cm4.o [25]
                             - 0x802'0c80    0x80

"A1":                                      0x2000
  HEAP_STACK                   0x807'e000  0x2000  <Block>
    CSTACK                     0x807'e000  0x2000  <Block>
      CSTACK         uninit    0x807'e000  0x2000  <Block tail>
                             - 0x808'0000  0x2000

"A0":                                        0x80
  .intvec            ro code  0x1008'0000    0x80  startup_cm4.o [25]
                            - 0x1008'0080    0x80

"P1":                                      0x5baa
  .text              ro code  0x1008'0080   0xeae  xprintffull_nomb.o [43]
  .text              ro code  0x1008'0f2e    0x7e  lz77_init_single.o [45]
  .text              ro code  0x1008'0fac    0x16  strchr.o [45]
  .text              ro code  0x1008'0fc2     0xa  xsprout.o [43]
  .text              ro code  0x1008'0fcc    0x40  xfail_s.o [43]
  .text              ro code  0x1008'100c    0x36  strlen.o [45]
  .text              ro code  0x1008'1044    0x58  memchr.o [45]
  .text              ro code  0x1008'109c    0xa6  ABImemcpy.o [45]
  .text              ro code  0x1008'1144    0x70  frexp.o [44]
  .text              ro code  0x1008'11b4    0x34  DblCmpLe.o [44]
  .text              ro code  0x1008'11e8    0x34  DblCmpGe.o [44]
  .text              ro code  0x1008'121c   0x13a  ldexp.o [44]
  .text              ro code  0x1008'1358    0x36  DblToS32.o [44]
  .text              ro code  0x1008'1390    0x22  S32ToDbl.o [44]
  .text              ro code  0x1008'13b4   0x24e  DblAddSub.o [44]
  .text              ro code  0x1008'1604   0x246  DblDiv.o [44]
  .text              ro code  0x1008'184c    0x22  DblToU32.o [44]
  .text              ro code  0x1008'1870    0x1c  U32ToDbl.o [44]
  .text              ro code  0x1008'188c   0x1aa  DblMul.o [44]
  .text              ro code  0x1008'1a38   0x230  I64DivMod.o [45]
  .text              ro code  0x1008'1c68     0x6  abort.o [43]
  .text              ro code  0x1008'1c70     0x2  I64DivZer.o [45]
  .text              ro code  0x1008'1c74    0x14  exit.o [46]
  .text              ro code  0x1008'1c88   0xa28  zf_driver_spi.o [42]
  .text              ro code  0x1008'26b0    0x66  ABImemset.o [45]
  .text              ro code  0x1008'2718   0x448  zf_common_debug.o [39]
  .text              ro code  0x1008'2b60   0x198  cy_gpio.o [11]
  .text              ro code  0x1008'2cf8   0x1f0  cy_scb_spi.o [20]
  .text              ro code  0x1008'2ee8   0x890  zf_driver_uart.o [42]
  .text              ro code  0x1008'3778    0x40  sprintf.o [43]
  .text              ro code  0x1008'37b8   0x200  zf_common_fifo.o [39]
  .text              ro code  0x1008'39b8    0xe2  zf_common_interrupt.o [39]
  .text              ro code  0x1008'3a9c     0x6  ABImemclr4.o [45]
  .text              ro code  0x1008'3aa4   0x314  cy_scb_uart.o [20]
  .text              ro code  0x1008'3db8    0x20  zf_driver_pwm.o [42]
  .text              ro code  0x1008'3dd8    0x5c  cy_sysint.o [29]
  .text              ro code  0x1008'3e34    0x32  ABImemset48.o [45]
  .text              ro code  0x1008'3e68   0x678  cy_sysclk.o [27]
  .text              ro code  0x1008'44e0    0x70  strncpy.o [45]
  .text              ro code  0x1008'4550    0xa8  cy_syslib.o [30]
  .text              ro code  0x1008'45f8     0x2  cy_syslib.o [30]
  .text              ro code  0x1008'45fc   0x410  lsm6dsv16x_test.o [4]
  .text              ro code  0x1008'4a0c    0x6a  atan2f.o [44]
  .text              ro code  0x1008'4a78    0x5c  asinf.o [44]
  .text              ro code  0x1008'4ad4   0x110  zf_driver_gpio.o [42]
  .text              ro code  0x1008'4be4   0x220  zf_driver_delay.o [42]
  .text              ro code  0x1008'4e04    0x1e  sqrtf.o [44]
  .text              ro code  0x1008'4e24    0xa4  xatanf.o [44]
  .text              ro code  0x1008'4ec8   0x1a2  cy_tcpwm_counter.o [36]
  .text              ro code  0x1008'506a     0xc  cy_tcpwm.o [36]
  .text              ro code  0x1008'5078   0x198  cy_interrupt_map.o [19]
  .text              ro code  0x1008'5210   0x170  startup.o [25]
  .text              ro code  0x1008'5380    0xec  system_tviibe4m_cm4.o [18]
  .text              ro code  0x1008'546c     0x8  startup_cm4.o [25]
  .text              ro code  0x1008'5474     0x6  startup_cm4.o [25]
  .text              ro code  0x1008'547c    0xc4  main_cm4.o [38]
  .text              ro code  0x1008'5540    0x1c  zf_common_clock.o [39]
  .text              ro code  0x1008'555c    0x28  printf.o [43]
  .rodata            const    0x1008'5584    0x54  system_tviibe4m_cm4.o [18]
  .rodata            const    0x1008'55d8    0x50  cy_sysclk.o [27]
  .rodata            const    0x1008'5628    0x50  cy_sysclk.o [27]
  .text              ro code  0x1008'5678    0x4e  cm4_isr.o [38]
  .text              ro code  0x1008'56c8    0x44  startup_cm4.o [25]
  .rodata            const    0x1008'570c    0x40  zf_common_fifo.o [39]
  .rodata            const    0x1008'574c    0x40  zf_driver_spi.o [42]
  .rodata            const    0x1008'578c    0x40  zf_driver_uart.o [42]
  .text              ro code  0x1008'57cc    0x38  zero_init3.o [45]
  .rodata            const    0x1008'5804    0x28  main_cm4.o [38]
  .text              ro code  0x1008'582c    0x28  data_init.o [45]
  .text              ro code  0x1008'5854    0x22  fpinit_M.o [44]
  .iar.init_table    const    0x1008'5878    0x20  - Linker created -
  .rodata            const    0x1008'5898    0x20  main_cm4.o [38]
  .text              ro code  0x1008'58b8    0x20  startup_cm4.o [25]
  .text              ro code  0x1008'58d8    0x20  putchar.o [43]
  .text              ro code  0x1008'5900    0x1e  cy_syslib_iar.o [30]
  .text              ro code  0x1008'5920    0x1e  cmain.o [45]
  .text              ro code  0x1008'5940     0x4  startup_cm4.o [25]
  .text              ro code  0x1008'5944     0x4  exit.o [43]
  .text              ro code  0x1008'5948     0xa  cexit.o [45]
  .rodata            const    0x1008'5954    0x1c  main_cm4.o [38]
  .rodata            const    0x1008'5970    0x1c  zf_common_debug.o [39]
  .text              ro code  0x1008'598c    0x1c  startup_cm4.o [25]
  .text              ro code  0x1008'59a8    0x1c  cstartup_M.o [45]
  .rodata            const    0x1008'59c4    0x18  system_tviibe4m_cm4.o [18]
  .rodata            const    0x1008'59dc    0x18  zf_common_debug.o [39]
  .text              ro code  0x1008'59f4    0x16  xprout.o [43]
  .rodata            const    0x1008'5a0c    0x10  zf_common_debug.o [39]
  .rodata            const    0x1008'5a1c    0x10  zf_common_debug.o [39]
  .rodata            const    0x1008'5a2c     0xc  zf_common_debug.o [39]
  .rodata            const    0x1008'5a38     0xc  zf_common_debug.o [39]
  .text              ro code  0x1008'5a44     0xc  cy_syslib.o [30]
  .rodata            const    0x1008'5a50     0x8  startup.o [25]
  .rodata            const    0x1008'5a58     0x4  cy_interrupt_map.o [19]
  .rodata            const    0x1008'5a5c     0x4  cy_interrupt_map.o [19]
  .rodata            const    0x1008'5a60     0x4  cy_interrupt_map.o [19]
  .rodata            const    0x1008'5a64     0x4  cy_interrupt_map.o [19]
  .rodata            const    0x1008'5a68     0x4  cy_interrupt_map.o [19]
  .rodata            const    0x1008'5a6c     0x4  cy_interrupt_map.o [19]
  .rodata            const    0x1008'5a70     0x4  cy_interrupt_map.o [19]
  .rodata            const    0x1008'5a74     0x4  cy_interrupt_map.o [19]
  .rodata            const    0x1008'5a78     0x4  cy_scb_spi.o [20]
  .rodata            const    0x1008'5a7c     0x4  cy_scb_spi.o [20]
  .rodata            const    0x1008'5a80     0x4  cy_scb_spi.o [20]
  .rodata            const    0x1008'5a84     0x4  cy_scb_spi.o [20]
  .rodata            const    0x1008'5a88     0x4  cy_scb_uart.o [20]
  .rodata            const    0x1008'5a8c     0x4  cy_scb_uart.o [20]
  .rodata            const    0x1008'5a90     0x4  cy_scb_uart.o [20]
  .rodata            const    0x1008'5a94     0x4  cy_scb_uart.o [20]
  .rodata            const    0x1008'5a98     0x4  cy_scb_uart.o [20]
  .rodata            const    0x1008'5a9c     0x4  cy_scb_uart.o [20]
  .rodata            const    0x1008'5aa0     0x4  cy_scb_uart.o [20]
  .rodata            const    0x1008'5aa4     0x4  cy_scb_uart.o [20]
  .rodata            const    0x1008'5aa8     0x4  cy_scb_uart.o [20]
  .rodata            const    0x1008'5aac     0x4  cy_scb_uart.o [20]
  .rodata            const    0x1008'5ab0     0x4  cy_sysint.o [29]
  .rodata            const    0x1008'5ab4     0x4  cy_tcpwm_counter.o [36]
  .rodata            const    0x1008'5ab8     0x4  cy_tcpwm_counter.o [36]
  .rodata            const    0x1008'5abc     0x4  cy_tcpwm_counter.o [36]
  .rodata            const    0x1008'5ac0     0x4  cy_tcpwm_counter.o [36]
  .rodata            const    0x1008'5ac4     0x4  cy_tcpwm_counter.o [36]
  .rodata            const    0x1008'5ac8     0x4  lsm6dsv16x_test.o [4]
  .text              ro code  0x1008'5acc     0x4  startup_cm4.o [25]
  .text              ro code  0x1008'5ad0     0x4  startup_cm4.o [25]
  .text              ro code  0x1008'5ad4     0x4  startup_cm4.o [25]
  .text              ro code  0x1008'5ad8     0x4  startup_cm4.o [25]
  .text              ro code  0x1008'5adc     0x4  startup_cm4.o [25]
  .text              ro code  0x1008'5ae0     0x4  startup_cm4.o [25]
  .text              ro code  0x1008'5ae4     0x4  startup_cm4.o [25]
  .text              ro code  0x1008'5ae8     0x4  startup_cm4.o [25]
  .text              ro code  0x1008'5aec     0x4  startup_cm4.o [25]
  .text              ro code  0x1008'5af0     0x4  startup_cm4.o [25]
  .text              ro code  0x1008'5af4     0x4  startup_cm4.o [25]
  .text              ro code  0x1008'5af8     0x4  startup_cm4.o [25]
  .text              ro code  0x1008'5afc     0x4  startup_cm4.o [25]
  .text              ro code  0x1008'5b00     0x4  startup_cm4.o [25]
  .text              ro code  0x1008'5b04     0x4  startup_cm4.o [25]
  .rodata            const    0x1008'5b08     0x0  zero_init3.o [45]
  .rodata            const    0x1008'5b08     0x0  lz77_init_single.o [45]
  Initializer bytes  const    0x1008'5b08    0x55  <for P2-1>
                            - 0x1008'5b5d  0x5add

Unused ranges:

         From           To       Size
         ----           --       ----
   0x802'064b   0x802'064b        0x1
   0x802'0954   0x802'0bff      0x2ac
   0x802'0c80   0x807'dfff   0x5'd380
  0x1008'5c2a  0x1040'ffff  0x38'a3d6


*******************************************************************************
*** INIT TABLE
***

          Address      Size
          -------      ----
Zero (__iar_zero_init3)
    1 destination range, total size 0x308:
           0x802'064c  0x308

Copy/lz77 (__iar_lz77_init_single3)
    1 source range, total size 0x55 (5% of destination):
          0x1008'5b08   0x55
    1 destination range, total size 0x64b:
           0x802'0000  0x64b



*******************************************************************************
*** MODULE SUMMARY
***

    Module                 ro code  ro data  rw data
    ------                 -------  -------  -------
command line/config:
    ------------------------------------------------
    Total:

D:\smartcar\empty_project\project\iar\Debug_m4\Obj\adc_11722776235721520015.dir: [1]
    ------------------------------------------------
    Total:

D:\smartcar\empty_project\project\iar\Debug_m4\Obj\button_4990804375159372270.dir: [2]
    ------------------------------------------------
    Total:

D:\smartcar\empty_project\project\iar\Debug_m4\Obj\canfd_1800690984773873875.dir: [3]
    ------------------------------------------------
    Total:

D:\smartcar\empty_project\project\iar\Debug_m4\Obj\code_17896468042025673432.dir: [4]
    lsm6dsv16x_test.o        1'040        4       52
    ------------------------------------------------
    Total:                   1'040        4       52

D:\smartcar\empty_project\project\iar\Debug_m4\Obj\cpu_15938736945165268644.dir: [5]
    ------------------------------------------------
    Total:

D:\smartcar\empty_project\project\iar\Debug_m4\Obj\crypto_1190170608956581615.dir: [6]
    ------------------------------------------------
    Total:

D:\smartcar\empty_project\project\iar\Debug_m4\Obj\dma_12106025507578611576.dir: [7]
    ------------------------------------------------
    Total:

D:\smartcar\empty_project\project\iar\Debug_m4\Obj\evtgen_3404189088603873129.dir: [8]
    ------------------------------------------------
    Total:

D:\smartcar\empty_project\project\iar\Debug_m4\Obj\flash_8529866181315662935.dir: [9]
    ------------------------------------------------
    Total:

D:\smartcar\empty_project\project\iar\Debug_m4\Obj\flash_864493325053435817.dir: [10]
    ------------------------------------------------
    Total:

D:\smartcar\empty_project\project\iar\Debug_m4\Obj\gpio_3999404635324069351.dir: [11]
    cy_gpio.o                  408
    ------------------------------------------------
    Total:                     408

D:\smartcar\empty_project\project\iar\Debug_m4\Obj\ipc_10145506163450686023.dir: [12]
    ------------------------------------------------
    Total:

D:\smartcar\empty_project\project\iar\Debug_m4\Obj\lin_18429031207028094880.dir: [13]
    ------------------------------------------------
    Total:

D:\smartcar\empty_project\project\iar\Debug_m4\Obj\lvd_6353935867039560245.dir: [14]
    ------------------------------------------------
    Total:

D:\smartcar\empty_project\project\iar\Debug_m4\Obj\mcwdt_4052485907822033969.dir: [15]
    ------------------------------------------------
    Total:

D:\smartcar\empty_project\project\iar\Debug_m4\Obj\mpu_5663187252346826382.dir: [16]
    ------------------------------------------------
    Total:

D:\smartcar\empty_project\project\iar\Debug_m4\Obj\prot_10722960861768657883.dir: [17]
    ------------------------------------------------
    Total:

D:\smartcar\empty_project\project\iar\Debug_m4\Obj\rev_b_4986922561640112550.dir: [18]
    system_tviibe4m_cm4.o      236      108       20
    ------------------------------------------------
    Total:                     236      108       20

D:\smartcar\empty_project\project\iar\Debug_m4\Obj\rev_b_6162237342861132223.dir: [19]
    cy_interrupt_map.o         408      113    1'536
    ------------------------------------------------
    Total:                     408      113    1'536

D:\smartcar\empty_project\project\iar\Debug_m4\Obj\scb_15490842639181808494.dir: [20]
    cy_scb_spi.o               496       16
    cy_scb_uart.o              788       40
    ------------------------------------------------
    Total:                   1'284       56

D:\smartcar\empty_project\project\iar\Debug_m4\Obj\semihosting_143864889731838620.dir: [21]
    ------------------------------------------------
    Total:

D:\smartcar\empty_project\project\iar\Debug_m4\Obj\smartio_5451710003740070188.dir: [22]
    ------------------------------------------------
    Total:

D:\smartcar\empty_project\project\iar\Debug_m4\Obj\smif_427648126384146252.dir: [23]
    ------------------------------------------------
    Total:

D:\smartcar\empty_project\project\iar\Debug_m4\Obj\srom_13018798572330080582.dir: [24]
    ------------------------------------------------
    Total:

D:\smartcar\empty_project\project\iar\Debug_m4\Obj\startup_479057977785470282.dir: [25]
    startup.o                  368        8
    startup_cm4.o              334               128
    ------------------------------------------------
    Total:                     702        8      128

D:\smartcar\empty_project\project\iar\Debug_m4\Obj\sw_timer_4215635015939382130.dir: [26]
    ------------------------------------------------
    Total:

D:\smartcar\empty_project\project\iar\Debug_m4\Obj\sysclk_16149231235676103872.dir: [27]
    cy_sysclk.o              1'656      160       25
    ------------------------------------------------
    Total:                   1'656      160       25

D:\smartcar\empty_project\project\iar\Debug_m4\Obj\sysflt_12293435975120599261.dir: [28]
    ------------------------------------------------
    Total:

D:\smartcar\empty_project\project\iar\Debug_m4\Obj\sysint_7435970359207984181.dir: [29]
    cy_sysint.o                 92        4
    ------------------------------------------------
    Total:                      92        4

D:\smartcar\empty_project\project\iar\Debug_m4\Obj\syslib_16330585751512546975.dir: [30]
    cy_syslib.o                182               140
    cy_syslib_iar.o             30
    ------------------------------------------------
    Total:                     212               140

D:\smartcar\empty_project\project\iar\Debug_m4\Obj\syspm_10887939769544754770.dir: [31]
    ------------------------------------------------
    Total:

D:\smartcar\empty_project\project\iar\Debug_m4\Obj\sysreset_14586141425677365288.dir: [32]
    ------------------------------------------------
    Total:

D:\smartcar\empty_project\project\iar\Debug_m4\Obj\sysrtc_10747768817563771611.dir: [33]
    ------------------------------------------------
    Total:

D:\smartcar\empty_project\project\iar\Debug_m4\Obj\systick_16016591671695740695.dir: [34]
    ------------------------------------------------
    Total:

D:\smartcar\empty_project\project\iar\Debug_m4\Obj\syswdt_9118657615806274156.dir: [35]
    ------------------------------------------------
    Total:

D:\smartcar\empty_project\project\iar\Debug_m4\Obj\tcpwm_422923530147891246.dir: [36]
    cy_tcpwm.o                  12
    cy_tcpwm_counter.o         418       20
    ------------------------------------------------
    Total:                     430       20

D:\smartcar\empty_project\project\iar\Debug_m4\Obj\trigmux_9729677290734583340.dir: [37]
    ------------------------------------------------
    Total:

D:\smartcar\empty_project\project\iar\Debug_m4\Obj\user_8514941877209965082.dir: [38]
    cm4_isr.o                   78
    main_cm4.o                 196      100
    ------------------------------------------------
    Total:                     274      100

D:\smartcar\empty_project\project\iar\Debug_m4\Obj\zf_common_1201165462030747823.dir: [39]
    zf_common_clock.o           28                 4
    zf_common_debug.o        1'096      108      112
    zf_common_fifo.o           512       64
    zf_common_interrupt.o      226                 4
    ------------------------------------------------
    Total:                   1'862      172      120

D:\smartcar\empty_project\project\iar\Debug_m4\Obj\zf_components_14936052685886095442.dir: [40]
    ------------------------------------------------
    Total:

D:\smartcar\empty_project\project\iar\Debug_m4\Obj\zf_device_6570275422786408770.dir: [41]
    ------------------------------------------------
    Total:

D:\smartcar\empty_project\project\iar\Debug_m4\Obj\zf_driver_11922370083829174090.dir: [42]
    zf_driver_delay.o          544        1        2
    zf_driver_gpio.o           272
    zf_driver_pwm.o             32
    zf_driver_spi.o          2'600       64       24
    zf_driver_uart.o         2'192       67      464
    ------------------------------------------------
    Total:                   5'640      132      490

dl7M_tln.a: [43]
    abort.o                      6
    exit.o                       4
    printf.o                    40
    putchar.o                   32
    sprintf.o                   64
    xfail_s.o                   64                 4
    xprintffull_nomb.o       3'758
    xprout.o                    22
    xsprout.o                   10
    ------------------------------------------------
    Total:                   4'000                 4

m7M_tls.a: [44]
    DblAddSub.o                590
    DblCmpGe.o                  52
    DblCmpLe.o                  52
    DblDiv.o                   582
    DblMul.o                   426
    DblToS32.o                  54
    DblToU32.o                  34
    S32ToDbl.o                  34
    U32ToDbl.o                  28
    asinf.o                     92
    atan2f.o                   106
    fpinit_M.o                  34
    frexp.o                    112
    ldexp.o                    314
    sqrtf.o                     30
    xatanf.o                   164
    ------------------------------------------------
    Total:                   2'704

rt7M_tl.a: [45]
    ABImemclr4.o                 6
    ABImemcpy.o                166
    ABImemset.o                102
    ABImemset48.o               50
    I64DivMod.o                560
    I64DivZer.o                  2
    cexit.o                     10
    cmain.o                     30
    cstartup_M.o                28
    data_init.o                 40
    lz77_init_single.o         126
    memchr.o                    88
    strchr.o                    22
    strlen.o                    54
    strncpy.o                  112
    zero_init3.o                56
    ------------------------------------------------
    Total:                   1'452

shb_l.a: [46]
    exit.o                      20
    ------------------------------------------------
    Total:                      20

    Gaps                        54        6
    Linker created                       32    8'192
----------------------------------------------------
    Grand Total:            22'474      915   10'707


*******************************************************************************
*** ENTRY LIST
***

Entry                       Address   Size  Type      Object
-----                       -------   ----  ----      ------
.iar.init_table$$Base   0x1008'5878          --   Gb  - Linker created -
.iar.init_table$$Limit  0x1008'5898          --   Gb  - Linker created -
?main                   0x1008'5921         Code  Gb  cmain.o [45]
BusFault_Handler        0x1008'5ad5         Code  Wk  startup_cm4.o [25]
CSTACK$$Base             0x807'e000          --   Gb  - Linker created -
CSTACK$$Limit            0x808'0000          --   Gb  - Linker created -
CopyVectorTable         0x1008'5331   0x34  Code  Lc  startup.o [25]
CpuUserInt0_Handler     0x1008'5097   0x26  Code  Gb  cy_interrupt_map.o [19]
CpuUserInt10_Handler    0x1008'5af1         Code  Wk  startup_cm4.o [25]
CpuUserInt11_Handler    0x1008'5af5         Code  Wk  startup_cm4.o [25]
CpuUserInt12_Handler    0x1008'5af9         Code  Wk  startup_cm4.o [25]
CpuUserInt13_Handler    0x1008'5afd         Code  Wk  startup_cm4.o [25]
CpuUserInt14_Handler    0x1008'5b01         Code  Wk  startup_cm4.o [25]
CpuUserInt15_Handler    0x1008'5b05         Code  Wk  startup_cm4.o [25]
CpuUserInt1_Handler     0x1008'50bd   0x26  Code  Gb  cy_interrupt_map.o [19]
CpuUserInt2_Handler     0x1008'50e3   0x26  Code  Gb  cy_interrupt_map.o [19]
CpuUserInt3_Handler     0x1008'5109   0x26  Code  Gb  cy_interrupt_map.o [19]
CpuUserInt4_Handler     0x1008'512f   0x26  Code  Gb  cy_interrupt_map.o [19]
CpuUserInt5_Handler     0x1008'5155   0x26  Code  Gb  cy_interrupt_map.o [19]
CpuUserInt6_Handler     0x1008'517b   0x26  Code  Gb  cy_interrupt_map.o [19]
CpuUserInt7_Handler     0x1008'51a1   0x26  Code  Gb  cy_interrupt_map.o [19]
CpuUserInt8_Handler     0x1008'5ae9         Code  Wk  startup_cm4.o [25]
CpuUserInt9_Handler     0x1008'5aed         Code  Wk  startup_cm4.o [25]
Cy_DefaultUserHandler   0x1008'5095    0x2  Code  Gb  cy_interrupt_map.o [19]
Cy_GPIO_ClearInterrupt  0x1008'2c33    0xe  Code  Lc  cy_gpio.o [11]
Cy_GPIO_Clr             0x1008'4adf    0xa  Code  Lc  zf_driver_gpio.o [42]
Cy_GPIO_Inv             0x1008'4ae9    0xa  Code  Lc  zf_driver_gpio.o [42]
Cy_GPIO_Pin_Init        0x1008'2c77   0x74  Code  Gb  cy_gpio.o [11]
Cy_GPIO_Set             0x1008'4ad5    0xa  Code  Lc  zf_driver_gpio.o [42]
Cy_GPIO_Set             0x1008'301f    0xa  Code  Lc  zf_driver_uart.o [42]
Cy_GPIO_SetDriveSel     0x1008'2c15   0x1e  Code  Lc  cy_gpio.o [11]
Cy_GPIO_SetDrivemode    0x1008'2bc5   0x1c  Code  Lc  cy_gpio.o [11]
Cy_GPIO_SetHSIOM        0x1008'2b61   0x4c  Code  Lc  cy_gpio.o [11]
Cy_GPIO_SetInterruptEdge
                        0x1008'2c5b   0x1c  Code  Lc  cy_gpio.o [11]
Cy_GPIO_SetInterruptMask
                        0x1008'2c41   0x1a  Code  Lc  cy_gpio.o [11]
Cy_GPIO_SetSlewRate     0x1008'2bfb   0x1a  Code  Lc  cy_gpio.o [11]
Cy_GPIO_SetVtrip        0x1008'2be1   0x1a  Code  Lc  cy_gpio.o [11]
Cy_GPIO_Write           0x1008'2bad   0x18  Code  Lc  cy_gpio.o [11]
Cy_RestoreIRQ           0x1008'5475         Code  Gb  startup_cm4.o [25]
Cy_SCB_ClearRxFifo      0x1008'1c93   0x1e  Code  Lc  zf_driver_spi.o [42]
Cy_SCB_ClearRxInterrupt
                        0x1008'3081    0xa  Code  Lc  zf_driver_uart.o [42]
Cy_SCB_ClearTxInterrupt
                        0x1008'3097    0xa  Code  Lc  zf_driver_uart.o [42]
Cy_SCB_GetFifoSize      0x1008'1ced   0x12  Code  Lc  zf_driver_spi.o [42]
Cy_SCB_GetNumInRxFifo   0x1008'1c89    0xa  Code  Lc  zf_driver_spi.o [42]
Cy_SCB_GetNumInRxFifo   0x1008'302f    0xa  Code  Lc  zf_driver_uart.o [42]
Cy_SCB_GetNumInTxFifo   0x1008'1cb7    0xa  Code  Lc  zf_driver_spi.o [42]
Cy_SCB_GetNumInTxFifo   0x1008'303f    0xa  Code  Lc  zf_driver_uart.o [42]
Cy_SCB_GetRxInterruptMask
                        0x1008'307b    0x6  Code  Lc  zf_driver_uart.o [42]
Cy_SCB_GetTxInterruptMask
                        0x1008'3091    0x6  Code  Lc  zf_driver_uart.o [42]
Cy_SCB_GetTxSrValid     0x1008'1cc1    0xa  Code  Lc  zf_driver_spi.o [42]
Cy_SCB_GetTxSrValid     0x1008'3049    0xa  Code  Lc  zf_driver_uart.o [42]
Cy_SCB_IsTxComplete     0x1008'1ccb   0x22  Code  Lc  zf_driver_spi.o [42]
Cy_SCB_IsTxComplete     0x1008'3053   0x22  Code  Lc  zf_driver_uart.o [42]
Cy_SCB_ReadRxFifo       0x1008'3029    0x6  Code  Lc  zf_driver_uart.o [42]
Cy_SCB_SPI_ClearRxFifo  0x1008'1d1d    0x8  Code  Lc  zf_driver_spi.o [42]
Cy_SCB_SPI_Enable       0x1008'1cff    0xa  Code  Lc  zf_driver_spi.o [42]
Cy_SCB_SPI_GetNumInRxFifo
                        0x1008'1d15    0x8  Code  Lc  zf_driver_spi.o [42]
Cy_SCB_SPI_Init         0x1008'2cf9  0x1d8  Code  Gb  cy_scb_spi.o [20]
Cy_SCB_SPI_SetActiveSlaveSelect
                        0x1008'1d09    0xc  Code  Lc  zf_driver_spi.o [42]
Cy_SCB_SetRxInterruptMask
                        0x1008'3075    0x6  Code  Lc  zf_driver_uart.o [42]
Cy_SCB_SetTxInterruptMask
                        0x1008'308b    0x6  Code  Lc  zf_driver_uart.o [42]
Cy_SCB_UART_DeInit      0x1008'3d29   0x5c  Code  Gb  cy_scb_uart.o [20]
Cy_SCB_UART_Enable      0x1008'30a1    0xa  Code  Lc  zf_driver_uart.o [42]
Cy_SCB_UART_Init        0x1008'3aa5  0x284  Code  Gb  cy_scb_uart.o [20]
Cy_SCB_WriteTxFifo      0x1008'1cb1    0x6  Code  Lc  zf_driver_spi.o [42]
Cy_SCB_WriteTxFifo      0x1008'3039    0x6  Code  Lc  zf_driver_uart.o [42]
Cy_SaveIRQ              0x1008'546d         Code  Gb  startup_cm4.o [25]
Cy_SysClk_CheckDividerExisting
                        0x1008'4be5   0x34  Code  Lc  zf_driver_delay.o [42]
Cy_SysClk_CheckDividerExisting
                        0x1008'1d25   0x34  Code  Lc  zf_driver_spi.o [42]
Cy_SysClk_CheckDividerExisting
                        0x1008'2ee9   0x34  Code  Lc  zf_driver_uart.o [42]
Cy_SysClk_ClkPathGetSource
                        0x1008'3f7f   0x54  Code  Gb  cy_sysclk.o [27]
Cy_SysClk_EcoGetStatus  0x1008'3e69   0x1a  Code  Lc  cy_sysclk.o [27]
Cy_SysClk_FastClkGetDivider
                        0x1008'3f73    0xc  Code  Lc  cy_sysclk.o [27]
Cy_SysClk_FllGetConfiguration
                        0x1008'3fd3   0x7e  Code  Gb  cy_sysclk.o [27]
Cy_SysClk_FllGetLockStatus
                        0x1008'3e83    0xc  Code  Lc  cy_sysclk.o [27]
Cy_SysClk_GetCoreFrequency
                        0x1008'44b3    0x8  Code  Gb  cy_sysclk.o [27]
Cy_SysClk_GetEcoFrequency
                        0x1008'411d   0x32  Code  Gb  cy_sysclk.o [27]
Cy_SysClk_GetExtFrequency
                        0x1008'4151   0x1e  Code  Gb  cy_sysclk.o [27]
Cy_SysClk_GetFastFrequency
                        0x1008'4485   0x2e  Code  Gb  cy_sysclk.o [27]
Cy_SysClk_GetFllInputFrequency
                        0x1008'4279    0xc  Code  Gb  cy_sysclk.o [27]
Cy_SysClk_GetFllOutputFrequency
                        0x1008'42a1   0x78  Code  Gb  cy_sysclk.o [27]
Cy_SysClk_GetHfClkFrequency
                        0x1008'440b   0x7a  Code  Gb  cy_sysclk.o [27]
Cy_SysClk_GetIlo0Frequency
                        0x1008'4171   0x32  Code  Gb  cy_sysclk.o [27]
Cy_SysClk_GetIlo1Frequency
                        0x1008'41a3   0x32  Code  Gb  cy_sysclk.o [27]
Cy_SysClk_GetImoFrequency
                        0x1008'40eb   0x32  Code  Gb  cy_sysclk.o [27]
Cy_SysClk_GetPathFrequency
                        0x1008'43d9   0x32  Code  Gb  cy_sysclk.o [27]
Cy_SysClk_GetPathSourceFrequency
                        0x1008'4215   0x64  Code  Gb  cy_sysclk.o [27]
Cy_SysClk_GetPllInputFrequency
                        0x1008'4285   0x1c  Code  Gb  cy_sysclk.o [27]
Cy_SysClk_GetPllNo      0x1008'3e91   0x14  Code  Lc  cy_sysclk.o [27]
Cy_SysClk_GetPllOutputFrequency
                        0x1008'4319   0xba  Code  Gb  cy_sysclk.o [27]
Cy_SysClk_GetWcoFrequency
                        0x1008'41d5   0x32  Code  Gb  cy_sysclk.o [27]
Cy_SysClk_HfClockGetDivider
                        0x1008'3f31   0x42  Code  Lc  cy_sysclk.o [27]
Cy_SysClk_HfClockGetSource
                        0x1008'3edd   0x54  Code  Lc  cy_sysclk.o [27]
Cy_SysClk_InitGetFreqParams
                        0x1008'40d1   0x1a  Code  Gb  cy_sysclk.o [27]
Cy_SysClk_PeriphAssignDivider
                        0x1008'4c7f   0x38  Code  Lc  zf_driver_delay.o [42]
Cy_SysClk_PeriphAssignDivider
                        0x1008'1de5   0x3a  Code  Lc  zf_driver_spi.o [42]
Cy_SysClk_PeriphAssignDivider
                        0x1008'2fa9   0x3a  Code  Lc  zf_driver_uart.o [42]
Cy_SysClk_PeriphEnableDivider
                        0x1008'4cb7   0x3a  Code  Lc  zf_driver_delay.o [42]
Cy_SysClk_PeriphEnableDivider
                        0x1008'1e1f   0x3c  Code  Lc  zf_driver_spi.o [42]
Cy_SysClk_PeriphEnableDivider
                        0x1008'2fe3   0x3c  Code  Lc  zf_driver_uart.o [42]
Cy_SysClk_PeriphSetDivider
                        0x1008'4c19   0x66  Code  Lc  zf_driver_delay.o [42]
Cy_SysClk_PeriphSetFracDivider
                        0x1008'1d59   0x8c  Code  Lc  zf_driver_spi.o [42]
Cy_SysClk_PeriphSetFracDivider
                        0x1008'2f1d   0x8c  Code  Lc  zf_driver_uart.o [42]
Cy_SysClk_PllGetConfiguration
                        0x1008'4065   0x48  Code  Gb  cy_sysclk.o [27]
Cy_SysClk_PllGetLockStatus
                        0x1008'3ea5   0x28  Code  Lc  cy_sysclk.o [27]
Cy_SysClk_WcoOkay       0x1008'3ecd    0xe  Code  Lc  cy_sysclk.o [27]
Cy_SysInt_InitIRQ       0x1008'3dd9   0x38  Code  Gb  cy_sysint.o [29]
Cy_SysInt_SetSystemIrqVector
                        0x1008'3e11   0x12  Code  Gb  cy_sysint.o [29]
Cy_SysInt_SystemIrqUserTableRamPointer
                         0x802'05fc    0x4  Data  Gb  cy_interrupt_map.o [19]
Cy_SysLib_DelayCycles   0x1008'5901         Code  Gb  cy_syslib_iar.o [30]
Cy_SysLib_EnterCriticalSection
                        0x1008'5911         Code  Gb  cy_syslib_iar.o [30]
Cy_SysLib_ExitCriticalSection
                        0x1008'5919         Code  Gb  cy_syslib_iar.o [30]
Cy_SysLib_FaultHandler  0x1008'4555   0x90  Code  Gb  cy_syslib.o [30]
Cy_SysLib_Halt          0x1008'4551    0x4  Code  Gb  cy_syslib.o [30]
Cy_SysLib_ProcessingFault
                        0x1008'45f9    0x2  Code  Wk  cy_syslib.o [30]
Cy_SysLib_SvcHandler    0x1008'5a45    0xc  Code  Wk  cy_syslib.o [30]
Cy_SystemInitFpuEnable  0x1008'541d   0x1e  Code  Gb  system_tviibe4m_cm4.o [18]
Cy_SystemIrqUserTable    0x802'0000  0x5fc  Data  Gb  cy_interrupt_map.o [19]
Cy_Tcpwm_Counter_Enable
                        0x1008'5059    0xa  Code  Gb  cy_tcpwm_counter.o [36]
Cy_Tcpwm_Counter_GetCounter
                        0x1008'5067    0x4  Code  Gb  cy_tcpwm_counter.o [36]
Cy_Tcpwm_Counter_Init   0x1008'4ec9  0x17c  Code  Gb  cy_tcpwm_counter.o [36]
Cy_Tcpwm_Counter_SetCounter
                        0x1008'5063    0x4  Code  Gb  cy_tcpwm_counter.o [36]
Cy_Tcpwm_TriggerStart   0x1008'506b    0xc  Code  Gb  cy_tcpwm.o [36]
Cy_u32StartupStackEndAddress
                        0x1008'5708         Data  Gb  startup_cm4.o [25]
Cy_u32StartupStackStartAddress
                        0x1008'5704         Data  Gb  startup_cm4.o [25]
DebugMon_Handler        0x1008'5add         Code  Wk  startup_cm4.o [25]
HEAP_STACK$$Base         0x807'e000          --   Gb  - Linker created -
HEAP_STACK$$Limit        0x808'0000          --   Gb  - Linker created -
HardFault_Handler       0x1008'58b9         Code  Wk  startup_cm4.o [25]
InitRamEcc              0x1008'5221   0xfe  Code  Lc  startup.o [25]
InitRamEccClearArea     0x1008'531f   0x12  Code  Lc  startup.o [25]
MemManage_Handler       0x1008'5ad1         Code  Wk  startup_cm4.o [25]
NMI_Handler             0x1008'5acd         Code  Wk  startup_cm4.o [25]
PendSV_Handler          0x1008'5ae1         Code  Wk  startup_cm4.o [25]
Region$$Table$$Base     0x1008'5878          --   Gb  - Linker created -
Region$$Table$$Limit    0x1008'5898          --   Gb  - Linker created -
Reset_Handler           0x1008'56c9         Code  Wk  startup_cm4.o [25]
SVC_Handler             0x1008'598d         Code  Wk  startup_cm4.o [25]
Startup_Init            0x1008'5211   0x10  Code  Gb  startup.o [25]
SysTick_Handler         0x1008'5ae5         Code  Wk  startup_cm4.o [25]
SystemCoreClock          0x802'0928    0x4  Data  Gb  system_tviibe4m_cm4.o [18]
SystemCoreClockUpdate   0x1008'5389   0x94  Code  Gb  system_tviibe4m_cm4.o [18]
SystemInit              0x1008'5381    0x8  Code  Gb  system_tviibe4m_cm4.o [18]
UsageFault_Handler      0x1008'5ad9         Code  Wk  startup_cm4.o [25]
_LC                     0x1008'0081    0x6  Code  Lc  xprintffull_nomb.o [43]
_LitobFullNoMb          0x1008'0d4d  0x114  Code  Lc  xprintffull_nomb.o [43]
_PrintfFullNoMb         0x1008'0087  0xc98  Code  Gb  xprintffull_nomb.o [43]
_Prout                  0x1008'59f5   0x16  Code  Gb  xprout.o [43]
_PutcharsFullNoMb       0x1008'0eb9   0x2e  Code  Lc  xprintffull_nomb.o [43]
_SProut                 0x1008'0fc3    0xa  Code  Gb  xsprout.o [43]
__NVIC_ClearPendingIRQ  0x1008'5079   0x1c  Code  Lc  cy_interrupt_map.o [19]
__NVIC_ClearPendingIRQ  0x1008'39d5   0x1c  Code  Lc  zf_common_interrupt.o [39]
__NVIC_EnableIRQ        0x1008'39b9   0x1c  Code  Lc  zf_common_interrupt.o [39]
__NVIC_SetPriority      0x1008'39f1   0x24  Code  Lc  zf_common_interrupt.o [39]
__Vectors               0x1008'0000          --   Gb  startup_cm4.o [25]
__Vectors_End           0x1008'0080         Data  Gb  startup_cm4.o [25]
__Vectors_Size {Abs}           0x80          --   Gb  startup_cm4.o [25]
__aeabi_cdcmple         0x1008'11b5         Code  Gb  DblCmpLe.o [44]
__aeabi_cdrcmple        0x1008'11e9         Code  Gb  DblCmpGe.o [44]
__aeabi_d2iz            0x1008'1359         Code  Gb  DblToS32.o [44]
__aeabi_d2uiz           0x1008'184d         Code  Gb  DblToU32.o [44]
__aeabi_ddiv            0x1008'1605         Code  Gb  DblDiv.o [44]
__aeabi_dmul            0x1008'188d         Code  Gb  DblMul.o [44]
__aeabi_dsub            0x1008'1521         Code  Gb  DblAddSub.o [44]
__aeabi_i2d             0x1008'1391         Code  Gb  S32ToDbl.o [44]
__aeabi_ldiv0           0x1008'1c71         Code  Gb  I64DivZer.o [45]
__aeabi_memclr4         0x1008'3a9d         Code  Gb  ABImemclr4.o [45]
__aeabi_memcpy          0x1008'109d         Code  Gb  ABImemcpy.o [45]
__aeabi_memcpy4         0x1008'10bd         Code  Gb  ABImemcpy.o [45]
__aeabi_memcpy8         0x1008'10bd         Code  Gb  ABImemcpy.o [45]
__aeabi_memset          0x1008'26b1         Code  Gb  ABImemset.o [45]
__aeabi_ui2d            0x1008'1871         Code  Gb  U32ToDbl.o [44]
__aeabi_uldivmod        0x1008'1a39         Code  Gb  I64DivMod.o [45]
__cmain                 0x1008'5921         Code  Gb  cmain.o [45]
__ecc_init_sram_end_address {Abs}
                         0x807'ffff         Data  Gb  <internal module>
__ecc_init_sram_start_address {Abs}
                         0x802'0000         Data  Gb  <internal module>
__exit                  0x1008'1c75   0x14  Code  Gb  exit.o [46]
__iar_Fail_s            0x1008'0fcd   0x1c  Code  Gb  xfail_s.o [43]
__iar_Memchr            0x1008'1045         Code  Gb  memchr.o [45]
__iar_Memset            0x1008'26b1         Code  Gb  ABImemset.o [45]
__iar_Memset4_word      0x1008'3e35         Code  Gb  ABImemset48.o [45]
__iar_Memset8_word      0x1008'3e35         Code  Gb  ABImemset48.o [45]
__iar_Memset_word       0x1008'26b9         Code  Gb  ABImemset.o [45]
__iar_Strchr            0x1008'0fad         Code  Gb  strchr.o [45]
__iar_asin32            0x1008'4a79         Code  Gb  asinf.o [44]
__iar_atan2_32          0x1008'4a0d         Code  Gb  atan2f.o [44]
__iar_data_init3        0x1008'582d   0x28  Code  Gb  data_init.o [45]
__iar_frexp             0x1008'1151         Code  Gb  frexp.o [44]
__iar_frexpl            0x1008'1151         Code  Gb  frexp.o [44]
__iar_init_vfp          0x1008'5855         Code  Gb  fpinit_M.o [44]
__iar_ldexp64           0x1008'121d         Code  Gb  ldexp.o [44]
__iar_lz77_init_single3
                        0x1008'0f2f   0x7e  Code  Gb  lz77_init_single.o [45]
__iar_program_start     0x1008'59a9         Code  Gb  cstartup_M.o [45]
__iar_scalbln64         0x1008'121d         Code  Gb  ldexp.o [44]
__iar_scalbn64          0x1008'121d         Code  Gb  ldexp.o [44]
__iar_softfp___iar_frexp64
                        0x1008'1145         Code  Gb  frexp.o [44]
__iar_softfp_frexp      0x1008'1145         Code  Gb  frexp.o [44]
__iar_softfp_frexpl     0x1008'1145         Code  Gb  frexp.o [44]
__iar_sqrt32            0x1008'4e05         Code  Gb  sqrtf.o [44]
__iar_xatanf            0x1008'4e25         Code  Gb  xatanf.o [44]
__iar_zero_init3        0x1008'57cd   0x38  Code  Gb  zero_init3.o [45]
__low_level_init        0x1008'5941         Code  Gb  startup_cm4.o [25]
__ramVectors             0x802'0c00         Data  Gb  startup_cm4.o [25]
__vector_table          0x1008'0000         Data  Gb  startup_cm4.o [25]
__vector_table_0x1c     0x1008'001c         Data  Gb  startup_cm4.o [25]
__write                 0x1008'2a4d   0x12  Code  Gb  zf_common_debug.o [39]
_call_main              0x1008'592d         Code  Gb  cmain.o [45]
_exit                   0x1008'5949         Code  Gb  cexit.o [45]
abort                   0x1008'1c69    0x6  Code  Gb  abort.o [43]
asinf                   0x1008'4a79         Code  Gb  asinf.o [44]
assert_interrupt_config
                        0x1008'3a4d    0xc  Code  Gb  zf_common_interrupt.o [39]
atan2f                  0x1008'4a0d         Code  Gb  atan2f.o [44]
clock_init              0x1008'5541   0x16  Code  Gb  zf_common_clock.o [39]
cs_pin_save              0x802'0944    0x4  Data  Gb  zf_driver_spi.o [42]
cy_assertFileName        0x802'08d0   0x18  Data  Gb  cy_syslib.o [30]
cy_assertLine            0x802'0924    0x4  Data  Gb  cy_syslib.o [30]
cy_delay32kMs            0x802'0938    0x4  Data  Gb  system_tviibe4m_cm4.o [18]
cy_delayFreqHz           0x802'092c    0x4  Data  Gb  system_tviibe4m_cm4.o [18]
cy_delayFreqKhz          0x802'0930    0x4  Data  Gb  system_tviibe4m_cm4.o [18]
cy_delayFreqMhz          0x802'0934    0x4  Data  Gb  system_tviibe4m_cm4.o [18]
cy_faultFrame            0x802'07d4   0x70  Data  Gb  cy_syslib.o [30]
debug_assert_handler    0x1008'2a5f   0x3c  Code  Gb  zf_common_debug.o [39]
debug_assert_handler::assert_nest_index
                         0x802'0953    0x1  Data  Lc  zf_common_debug.o [39]
debug_delay             0x1008'2719   0x36  Code  Lc  zf_common_debug.o [39]
debug_info_init         0x1008'2ae5   0x18  Code  Gb  zf_common_debug.o [39]
debug_init              0x1008'2afd   0x2a  Code  Gb  zf_common_debug.o [39]
debug_interrupr_handler
                        0x1008'2a2d   0x20  Code  Gb  zf_common_debug.o [39]
debug_output            0x1008'275b  0x2c2  Code  Lc  zf_common_debug.o [39]
debug_output_info        0x802'0900   0x14  Data  Lc  zf_common_debug.o [39]
debug_output_init       0x1008'2abb   0x2a  Code  Gb  zf_common_debug.o [39]
debug_output_struct_init
                        0x1008'2a9b   0x20  Code  Gb  zf_common_debug.o [39]
debug_send_buffer       0x1008'2a1d   0x10  Code  Gb  zf_common_debug.o [39]
debug_uart_buffer        0x802'0844   0x40  Data  Gb  zf_common_debug.o [39]
debug_uart_data          0x802'0952    0x1  Data  Gb  zf_common_debug.o [39]
debug_uart_fifo          0x802'08e8   0x18  Data  Gb  zf_common_debug.o [39]
debug_uart_str_output   0x1008'274f    0xc  Code  Lc  zf_common_debug.o [39]
delay_clk                0x802'0649    0x1  Data  Lc  zf_driver_delay.o [42]
exit                    0x1008'5945    0x4  Code  Gb  exit.o [43]
fifo_head_offset        0x1008'37b9   0x1a  Code  Lc  zf_common_fifo.o [39]
fifo_init               0x1008'3977   0x3a  Code  Gb  zf_common_fifo.o [39]
fifo_write_buffer       0x1008'37d3  0x1a4  Code  Gb  zf_common_fifo.o [39]
get_uart_config         0x1008'312b  0x1a4  Code  Lc  zf_driver_uart.o [42]
gpio_init               0x1008'4b57   0x88  Code  Gb  zf_driver_gpio.o [42]
gpio_set_level          0x1008'4af3   0x44  Code  Gb  zf_driver_gpio.o [42]
gpio_toggle_level       0x1008'4b37   0x20  Code  Gb  zf_driver_gpio.o [42]
intFreqInitialized       0x802'0950    0x1  Data  Gb  cy_sysclk.o [27]
internalBaseFreqInfo     0x802'08b8   0x18  Data  Gb  cy_sysclk.o [27]
interrupt_global_disable
                        0x1008'3a25   0x14  Code  Gb  zf_common_interrupt.o [39]
interrupt_global_enable
                        0x1008'3a15   0x10  Code  Gb  zf_common_interrupt.o [39]
interrupt_global_flag    0x802'0940    0x4  Data  Lc  zf_common_interrupt.o [39]
interrupt_init          0x1008'3a65   0x36  Code  Gb  zf_common_interrupt.o [39]
interrupt_set_priority  0x1008'3a59    0xc  Code  Gb  zf_common_interrupt.o [39]
ldexp                   0x1008'121d         Code  Gb  ldexp.o [44]
ldexpl                  0x1008'121d         Code  Gb  ldexp.o [44]
lsm6dsv16x_angle_data    0x802'0884   0x34  Data  Lc  lsm6dsv16x_test.o [4]
lsm6dsv16x_half_to_float
                        0x1008'460b   0x76  Code  Lc  lsm6dsv16x_test.o [4]
lsm6dsv16x_init         0x1008'47c3   0x3a  Code  Gb  lsm6dsv16x_test.o [4]
lsm6dsv16x_quat_to_angle
                        0x1008'4681   0xb6  Code  Lc  lsm6dsv16x_test.o [4]
lsm6dsv16x_read_reg     0x1008'4789   0x24  Code  Gb  lsm6dsv16x_test.o [4]
lsm6dsv16x_select_bank  0x1008'45fd    0xe  Code  Lc  lsm6dsv16x_test.o [4]
lsm6dsv16x_self_check   0x1008'47ad   0x16  Code  Gb  lsm6dsv16x_test.o [4]
lsm6dsv16x_sflp_init    0x1008'4829   0x90  Code  Gb  lsm6dsv16x_test.o [4]
lsm6dsv16x_sflp_update  0x1008'48b9  0x136  Code  Gb  lsm6dsv16x_test.o [4]
lsm6dsv16x_spi_init     0x1008'4737   0x30  Code  Gb  lsm6dsv16x_test.o [4]
lsm6dsv16x_vofa_send    0x1008'4805   0x24  Code  Gb  lsm6dsv16x_test.o [4]
lsm6dsv16x_vofa_send::tail
                        0x1008'5ac8    0x4  Data  Lc  lsm6dsv16x_test.o [4]
lsm6dsv16x_write_reg    0x1008'4767   0x22  Code  Gb  lsm6dsv16x_test.o [4]
main                    0x1008'547d   0xc4  Code  Gb  main_cm4.o [38]
memchr                  0x1008'1045         Code  Gb  memchr.o [45]
printf                  0x1008'555d   0x28  Code  Gb  printf.o [43]
putchar                 0x1008'58d9   0x20  Code  Gb  putchar.o [43]
pwm_all_channel_close   0x1008'3db9   0x1c  Code  Gb  zf_driver_pwm.o [42]
scalbln                 0x1008'121d         Code  Gb  ldexp.o [44]
scalblnl                0x1008'121d         Code  Gb  ldexp.o [44]
scalbn                  0x1008'121d         Code  Gb  ldexp.o [44]
scalbnl                 0x1008'121d         Code  Gb  ldexp.o [44]
scale                   0x1008'0e61   0x46  Code  Lc  xprintffull_nomb.o [43]
scb_module               0x802'062c   0x1c  Data  Gb  zf_driver_uart.o [42]
sec_hand                 0x802'094c    0x4  Data  Lc  xfail_s.o [43]
spi_get_clk_hsiom       0x1008'1f03   0x28  Code  Lc  zf_driver_spi.o [42]
spi_get_clk_pin         0x1008'1e5b   0x28  Code  Lc  zf_driver_spi.o [42]
spi_get_cs_hsiom        0x1008'1f7f   0x2c  Code  Lc  zf_driver_spi.o [42]
spi_get_cs_pin          0x1008'1ed7   0x2c  Code  Lc  zf_driver_spi.o [42]
spi_get_miso_hsiom      0x1008'1f53   0x2c  Code  Lc  zf_driver_spi.o [42]
spi_get_miso_pin        0x1008'1eab   0x2c  Code  Lc  zf_driver_spi.o [42]
spi_get_module_clock    0x1008'1fab   0x26  Code  Lc  zf_driver_spi.o [42]
spi_get_mosi_hsiom      0x1008'1f2b   0x28  Code  Lc  zf_driver_spi.o [42]
spi_get_mosi_pin        0x1008'1e83   0x28  Code  Lc  zf_driver_spi.o [42]
spi_init                0x1008'2421  0x278  Code  Gb  zf_driver_spi.o [42]
spi_module               0x802'0600   0x10  Data  Gb  zf_driver_spi.o [42]
spi_read_8bit_register  0x1008'2231   0xe4  Code  Gb  zf_driver_spi.o [42]
spi_read_8bit_registers
                        0x1008'2319   0xf6  Code  Gb  zf_driver_spi.o [42]
spi_write_8bit_register
                        0x1008'212f   0xf0  Code  Gb  zf_driver_spi.o [42]
sprintf                 0x1008'3779   0x40  Code  Gb  sprintf.o [43]
sqrtf                   0x1008'4e05         Code  Gb  sqrtf.o [44]
strchr                  0x1008'0fad         Code  Gb  strchr.o [45]
strlen                  0x1008'100d         Code  Gb  strlen.o [45]
strncpy                 0x1008'44e1         Code  Gb  strncpy.o [45]
switch_transition_length
                        0x1008'1fd1  0x15e  Code  Lc  zf_driver_spi.o [42]
switch_transition_length::now_length
                         0x802'0948    0x4  Data  Lc  zf_driver_spi.o [42]
system_clock             0x802'093c    0x4  Data  Gb  zf_common_clock.o [39]
system_delay_init       0x1008'4d4f   0x92  Code  Gb  zf_driver_delay.o [42]
system_delay_ms         0x1008'4cf1   0x5e  Code  Gb  zf_driver_delay.o [42]
timer_ch                 0x802'064a    0x1  Data  Lc  zf_driver_delay.o [42]
uart0_isr               0x1008'5679   0x12  Code  Gb  cm4_isr.o [38]
uart1_isr               0x1008'568b    0xa  Code  Gb  cm4_isr.o [38]
uart2_isr               0x1008'5695    0xa  Code  Gb  cm4_isr.o [38]
uart3_isr               0x1008'569f    0xa  Code  Gb  cm4_isr.o [38]
uart4_isr               0x1008'56a9    0xa  Code  Gb  cm4_isr.o [38]
uart5_isr               0x1008'56b3    0xa  Code  Gb  cm4_isr.o [38]
uart6_isr               0x1008'56bd    0xa  Code  Gb  cm4_isr.o [38]
uart_context             0x802'064c  0x188  Data  Gb  zf_driver_uart.o [42]
uart_data_buffer         0x802'0914    0x8  Data  Lc  zf_driver_uart.o [42]
uart_data_refresh        0x802'091c    0x8  Data  Lc  zf_driver_uart.o [42]
uart_init               0x1008'3581  0x1ac  Code  Gb  zf_driver_uart.o [42]
uart_isr_func            0x802'0610   0x1c  Data  Gb  zf_driver_uart.o [42]
uart_isr_mask           0x1008'30ab   0x80  Code  Gb  zf_driver_uart.o [42]
uart_query_byte         0x1008'3337   0x30  Code  Gb  zf_driver_uart.o [42]
uart_rx_interrupt       0x1008'3483   0xfe  Code  Gb  zf_driver_uart.o [42]
uart_tx_interrupt       0x1008'3367  0x11c  Code  Gb  zf_driver_uart.o [42]
uart_write_buffer       0x1008'32f7   0x1e  Code  Gb  zf_driver_uart.o [42]
uart_write_byte         0x1008'32cf   0x28  Code  Gb  zf_driver_uart.o [42]
uart_write_string       0x1008'3315   0x22  Code  Gb  zf_driver_uart.o [42]
zf_debug_assert_enable   0x802'0648    0x1  Data  Lc  zf_common_debug.o [39]
zf_debug_init_flag       0x802'0951    0x1  Data  Lc  zf_common_debug.o [39]


[1] = D:\smartcar\empty_project\project\iar\Debug_m4\Obj\adc_11722776235721520015.dir
[2] = D:\smartcar\empty_project\project\iar\Debug_m4\Obj\button_4990804375159372270.dir
[3] = D:\smartcar\empty_project\project\iar\Debug_m4\Obj\canfd_1800690984773873875.dir
[4] = D:\smartcar\empty_project\project\iar\Debug_m4\Obj\code_17896468042025673432.dir
[5] = D:\smartcar\empty_project\project\iar\Debug_m4\Obj\cpu_15938736945165268644.dir
[6] = D:\smartcar\empty_project\project\iar\Debug_m4\Obj\crypto_1190170608956581615.dir
[7] = D:\smartcar\empty_project\project\iar\Debug_m4\Obj\dma_12106025507578611576.dir
[8] = D:\smartcar\empty_project\project\iar\Debug_m4\Obj\evtgen_3404189088603873129.dir
[9] = D:\smartcar\empty_project\project\iar\Debug_m4\Obj\flash_8529866181315662935.dir
[10] = D:\smartcar\empty_project\project\iar\Debug_m4\Obj\flash_864493325053435817.dir
[11] = D:\smartcar\empty_project\project\iar\Debug_m4\Obj\gpio_3999404635324069351.dir
[12] = D:\smartcar\empty_project\project\iar\Debug_m4\Obj\ipc_10145506163450686023.dir
[13] = D:\smartcar\empty_project\project\iar\Debug_m4\Obj\lin_18429031207028094880.dir
[14] = D:\smartcar\empty_project\project\iar\Debug_m4\Obj\lvd_6353935867039560245.dir
[15] = D:\smartcar\empty_project\project\iar\Debug_m4\Obj\mcwdt_4052485907822033969.dir
[16] = D:\smartcar\empty_project\project\iar\Debug_m4\Obj\mpu_5663187252346826382.dir
[17] = D:\smartcar\empty_project\project\iar\Debug_m4\Obj\prot_10722960861768657883.dir
[18] = D:\smartcar\empty_project\project\iar\Debug_m4\Obj\rev_b_4986922561640112550.dir
[19] = D:\smartcar\empty_project\project\iar\Debug_m4\Obj\rev_b_6162237342861132223.dir
[20] = D:\smartcar\empty_project\project\iar\Debug_m4\Obj\scb_15490842639181808494.dir
[21] = D:\smartcar\empty_project\project\iar\Debug_m4\Obj\semihosting_143864889731838620.dir
[22] = D:\smartcar\empty_project\project\iar\Debug_m4\Obj\smartio_5451710003740070188.dir
[23] = D:\smartcar\empty_project\project\iar\Debug_m4\Obj\smif_427648126384146252.dir
[24] = D:\smartcar\empty_project\project\iar\Debug_m4\Obj\srom_13018798572330080582.dir
[25] = D:\smartcar\empty_project\project\iar\Debug_m4\Obj\startup_479057977785470282.dir
[26] = D:\smartcar\empty_project\project\iar\Debug_m4\Obj\sw_timer_4215635015939382130.dir
[27] = D:\smartcar\empty_project\project\iar\Debug_m4\Obj\sysclk_16149231235676103872.dir
[28] = D:\smartcar\empty_project\project\iar\Debug_m4\Obj\sysflt_12293435975120599261.dir
[29] = D:\smartcar\empty_project\project\iar\Debug_m4\Obj\sysint_7435970359207984181.dir
[30] = D:\smartcar\empty_project\project\iar\Debug_m4\Obj\syslib_16330585751512546975.dir
[31] = D:\smartcar\empty_project\project\iar\Debug_m4\Obj\syspm_10887939769544754770.dir
[32] = D:\smartcar\empty_project\project\iar\Debug_m4\Obj\sysreset_14586141425677365288.dir
[33] = D:\smartcar\empty_project\project\iar\Debug_m4\Obj\sysrtc_10747768817563771611.dir
[34] = D:\smartcar\empty_project\project\iar\Debug_m4\Obj\systick_16016591671695740695.dir
[35] = D:\smartcar\empty_project\project\iar\Debug_m4\Obj\syswdt_9118657615806274156.dir
[36] = D:\smartcar\empty_project\project\iar\Debug_m4\Obj\tcpwm_422923530147891246.dir
[37] = D:\smartcar\empty_project\project\iar\Debug_m4\Obj\trigmux_9729677290734583340.dir
[38] = D:\smartcar\empty_project\project\iar\Debug_m4\Obj\user_8514941877209965082.dir
[39] = D:\smartcar\empty_project\project\iar\Debug_m4\Obj\zf_common_1201165462030747823.dir
[40] = D:\smartcar\empty_project\project\iar\Debug_m4\Obj\zf_components_14936052685886095442.dir
[41] = D:\smartcar\empty_project\project\iar\Debug_m4\Obj\zf_device_6570275422786408770.dir
[42] = D:\smartcar\empty_project\project\iar\Debug_m4\Obj\zf_driver_11922370083829174090.dir
[43] = dl7M_tln.a
[44] = m7M_tls.a
[45] = rt7M_tl.a
[46] = shb_l.a
[47] = zf_device_config.a

  22'474 bytes of readonly  code memory
     915 bytes of readonly  data memory
  10'707 bytes of readwrite data memory

Errors: none
Warnings: none
